Copyright 1986-2019 Xilinx, Inc. All Rights Reserved.
-------------------------------------------------------------------------------------------------
| Tool Version : Vivado v.2019.2 (win64) Build 2708876 Wed Nov  6 21:40:23 MST 2019
| Date         : Wed May  6 11:46:36 2026
| Host         : lhr running 64-bit major release  (build 9200)
| Command      : report_control_sets -verbose -file riscv_mcu_tdpram_top_control_sets_placed.rpt
| Design       : riscv_mcu_tdpram_top
| Device       : xc7a100t
-------------------------------------------------------------------------------------------------

Control Set Information

Table of Contents
-----------------
1. Summary
2. Histogram
3. Flip-Flop Distribution
4. Detailed Control Set Information

1. Summary
----------

+----------------------------------------------------------+-------+
|                          Status                          | Count |
+----------------------------------------------------------+-------+
| Total control sets                                       |    46 |
|    Minimum number of control sets                        |    46 |
|    Addition due to synthesis replication                 |     0 |
|    Addition due to physical synthesis replication        |     0 |
| Unused register locations in slices containing registers |    13 |
+----------------------------------------------------------+-------+
* Control sets can be merged at opt_design using control_set_merge or merge_equivalent_drivers
** Run report_qor_suggestions for automated merging and remapping suggestions


2. Histogram
------------

+--------------------+-------+
|       Fanout       | Count |
+--------------------+-------+
| Total control sets |    46 |
| >= 0 to < 4        |     0 |
| >= 4 to < 6        |     0 |
| >= 6 to < 8        |     0 |
| >= 8 to < 10       |     2 |
| >= 10 to < 12      |     0 |
| >= 12 to < 14      |     0 |
| >= 14 to < 16      |     0 |
| >= 16              |    44 |
+--------------------+-------+
* Control sets can be remapped at either synth_design or opt_design


3. Flip-Flop Distribution
-------------------------

+--------------+-----------------------+------------------------+-----------------+--------------+
| Clock Enable | Synchronous Set/Reset | Asynchronous Set/Reset | Total Registers | Total Slices |
+--------------+-----------------------+------------------------+-----------------+--------------+
| No           | No                    | No                     |              72 |           25 |
| No           | No                    | Yes                    |               0 |            0 |
| No           | Yes                   | No                     |               0 |            0 |
| Yes          | No                    | No                     |              48 |           15 |
| Yes          | No                    | Yes                    |             992 |          503 |
| Yes          | Yes                   | No                     |             723 |          250 |
+--------------+-----------------------+------------------------+-----------------+--------------+


4. Detailed Control Set Information
-----------------------------------

+--------------------------------+---------------------------------------------------------------+------------------------------------------------------------+------------------+----------------+
|          Clock Signal          |                         Enable Signal                         |                      Set/Reset Signal                      | Slice Load Count | Bel Load Count |
+--------------------------------+---------------------------------------------------------------+------------------------------------------------------------+------------------+----------------+
|  clk_wiz_sys_inst/inst/clk_cpu | riscv_cpu_inst/EXMEM_reg_inst/pa_t0                           | riscv_cpu_inst/EXMEM_reg_inst/ex_mem_data_bram_wr_en_reg_0 |                1 |              8 |
|  clk_wiz_sys_inst/inst/clk_cpu | riscv_cpu_inst/EXMEM_reg_inst/pout0                           | riscv_cpu_inst/EXMEM_reg_inst/ex_mem_alu_data_out_reg[2]_0 |                2 |              8 |
|  clk_wiz_sys_inst/inst/clk_cpu | riscv_cpu_inst/EXMEM_reg_inst/pa_t0                           |                                                            |                8 |             24 |
|  clk_wiz_sys_inst/inst/clk_cpu | riscv_cpu_inst/EXMEM_reg_inst/pout0                           |                                                            |                7 |             24 |
|  clk_wiz_sys_inst/inst/clk_cpu | riscv_cpu_inst/MEMWB_reg_inst/mem_wb_reg_wr_en_reg_25[0]      | riscv_cpu_inst/riscv_reg_file_inst/clear                   |               12 |             32 |
|  clk_wiz_sys_inst/inst/clk_cpu | riscv_cpu_inst/MEMWB_reg_inst/mem_wb_reg_wr_en_reg_27[0]      | riscv_cpu_inst/riscv_reg_file_inst/clear                   |               11 |             32 |
|  clk_wiz_sys_inst/inst/clk_cpu | riscv_cpu_inst/MEMWB_reg_inst/mem_wb_reg_wr_en_reg_15[0]      | riscv_cpu_inst/riscv_reg_file_inst/clear                   |               23 |             32 |
|  clk_wiz_sys_inst/inst/clk_cpu | riscv_cpu_inst/MEMWB_reg_inst/mem_wb_reg_wr_en_reg_5[0]       | riscv_cpu_inst/riscv_reg_file_inst/clear                   |               15 |             32 |
|  clk_wiz_sys_inst/inst/clk_cpu | riscv_cpu_inst/MEMWB_reg_inst/mem_wb_reg_wr_en_reg_26[0]      | riscv_cpu_inst/riscv_reg_file_inst/clear                   |                6 |             32 |
|  clk_wiz_sys_inst/inst/clk_cpu | riscv_cpu_inst/MEMWB_reg_inst/mem_wb_reg_wr_en_reg_22[0]      | riscv_cpu_inst/riscv_reg_file_inst/clear                   |               24 |             32 |
|  clk_wiz_sys_inst/inst/clk_cpu | riscv_cpu_inst/MEMWB_reg_inst/mem_wb_reg_wr_en_reg_12[0]      | riscv_cpu_inst/riscv_reg_file_inst/clear                   |               24 |             32 |
|  clk_wiz_sys_inst/inst/clk_cpu | riscv_cpu_inst/MEMWB_reg_inst/mem_wb_reg_wr_en_reg_18[0]      | riscv_cpu_inst/riscv_reg_file_inst/clear                   |               14 |             32 |
|  clk_wiz_sys_inst/inst/clk_cpu | riscv_cpu_inst/MEMWB_reg_inst/mem_wb_reg_wr_en_reg_23[0]      | riscv_cpu_inst/riscv_reg_file_inst/clear                   |               18 |             32 |
|  clk_wiz_sys_inst/inst/clk_cpu | riscv_cpu_inst/MEMWB_reg_inst/mem_wb_reg_wr_en_reg_13[0]      | riscv_cpu_inst/riscv_reg_file_inst/clear                   |               21 |             32 |
|  clk_wiz_sys_inst/inst/clk_cpu | riscv_cpu_inst/MEMWB_reg_inst/mem_wb_reg_wr_en_reg_4[0]       | riscv_cpu_inst/riscv_reg_file_inst/clear                   |               14 |             32 |
|  clk_wiz_sys_inst/inst/clk_cpu | riscv_cpu_inst/MEMWB_reg_inst/mem_wb_reg_wr_en_reg_11[0]      | riscv_cpu_inst/riscv_reg_file_inst/clear                   |               15 |             32 |
|  clk_wiz_sys_inst/inst/clk_cpu | riscv_cpu_inst/MEMWB_reg_inst/mem_wb_reg_wr_en_reg_21[0]      | riscv_cpu_inst/riscv_reg_file_inst/clear                   |               21 |             32 |
|  clk_wiz_sys_inst/inst/clk_cpu | riscv_cpu_inst/MEMWB_reg_inst/mem_wb_reg_wr_en_reg_14[0]      | riscv_cpu_inst/riscv_reg_file_inst/clear                   |               21 |             32 |
|  clk_wiz_sys_inst/inst/clk_cpu | riscv_cpu_inst/MEMWB_reg_inst/mem_wb_reg_wr_en_reg_16[0]      | riscv_cpu_inst/riscv_reg_file_inst/clear                   |                9 |             32 |
|  clk_wiz_sys_inst/inst/clk_cpu | riscv_cpu_inst/MEMWB_reg_inst/mem_wb_reg_wr_en_reg_7[0]       | riscv_cpu_inst/riscv_reg_file_inst/clear                   |               13 |             32 |
|  clk_wiz_sys_inst/inst/clk_cpu | riscv_cpu_inst/MEMWB_reg_inst/mem_wb_reg_wr_en_reg_9[0]       | riscv_cpu_inst/riscv_reg_file_inst/clear                   |               16 |             32 |
|  clk_wiz_sys_inst/inst/clk_cpu | riscv_cpu_inst/MEMWB_reg_inst/mem_wb_reg_wr_en_reg_17[0]      | riscv_cpu_inst/riscv_reg_file_inst/clear                   |               12 |             32 |
|  clk_wiz_sys_inst/inst/clk_cpu | riscv_cpu_inst/MEMWB_reg_inst/mem_wb_reg_wr_en_reg_29[0]      | riscv_cpu_inst/riscv_reg_file_inst/clear                   |               15 |             32 |
|  clk_wiz_sys_inst/inst/clk_cpu | riscv_cpu_inst/MEMWB_reg_inst/mem_wb_reg_wr_en_reg_3[0]       | riscv_cpu_inst/riscv_reg_file_inst/clear                   |               14 |             32 |
|  clk_wiz_sys_inst/inst/clk_cpu | riscv_cpu_inst/MEMWB_reg_inst/mem_wb_reg_wr_en_reg_8[0]       | riscv_cpu_inst/riscv_reg_file_inst/clear                   |               14 |             32 |
|  clk_wiz_sys_inst/inst/clk_cpu | riscv_cpu_inst/MEMWB_reg_inst/mem_wb_reg_wr_en_reg_30[0]      | riscv_cpu_inst/riscv_reg_file_inst/clear                   |               14 |             32 |
|  clk_wiz_sys_inst/inst/clk_cpu | riscv_cpu_inst/MEMWB_reg_inst/mem_wb_reg_wr_en_reg_2[0]       | riscv_cpu_inst/riscv_reg_file_inst/clear                   |               15 |             32 |
|  clk_wiz_sys_inst/inst/clk_cpu | riscv_cpu_inst/MEMWB_reg_inst/mem_wb_reg_wr_en_reg_20[0]      | riscv_cpu_inst/riscv_reg_file_inst/clear                   |               19 |             32 |
|  clk_wiz_sys_inst/inst/clk_cpu | riscv_cpu_inst/MEMWB_reg_inst/mem_wb_reg_wr_en_reg_1[0]       | riscv_cpu_inst/riscv_reg_file_inst/clear                   |               19 |             32 |
|  clk_wiz_sys_inst/inst/clk_cpu | riscv_cpu_inst/MEMWB_reg_inst/mem_wb_reg_wr_en_reg_19[0]      | riscv_cpu_inst/riscv_reg_file_inst/clear                   |               15 |             32 |
|  clk_wiz_sys_inst/inst/clk_cpu | riscv_cpu_inst/MEMWB_reg_inst/mem_wb_reg_wr_en_reg_6[0]       | riscv_cpu_inst/riscv_reg_file_inst/clear                   |               23 |             32 |
|  clk_wiz_sys_inst/inst/clk_cpu | riscv_cpu_inst/MEMWB_reg_inst/mem_wb_reg_wr_en_reg_10[0]      | riscv_cpu_inst/riscv_reg_file_inst/clear                   |               20 |             32 |
|  clk_wiz_sys_inst/inst/clk_cpu | riscv_cpu_inst/IDEX_reg_inst/mem_wait_reg_2[0]                | riscv_cpu_inst/riscv_reg_file_inst/clear                   |                6 |             32 |
|  clk_wiz_sys_inst/inst/clk_cpu | riscv_cpu_inst/IDEX_reg_inst/mem_wait_reg[0]                  | riscv_cpu_inst/riscv_reg_file_inst/clear                   |               12 |             32 |
|  clk_wiz_sys_inst/inst/clk_cpu | riscv_cpu_inst/IDEX_reg_inst/mem_wait_reg[0]                  | riscv_cpu_inst/EXMEM_reg_inst/SR[0]                        |                6 |             32 |
|  clk_wiz_sys_inst/inst/clk_cpu | riscv_cpu_inst/MEMWB_reg_inst/mem_wb_reg_wr_en_reg_28[0]      | riscv_cpu_inst/riscv_reg_file_inst/clear                   |                8 |             32 |
|  clk_wiz_sys_inst/inst/clk_cpu | riscv_cpu_inst/MEMWB_reg_inst/mem_wb_reg_wr_en_reg_0[0]       | riscv_cpu_inst/riscv_reg_file_inst/clear                   |               25 |             32 |
|  clk_wiz_sys_inst/inst/clk_cpu | riscv_cpu_inst/MEMWB_reg_inst/mem_wb_reg_wr_en_reg_24[0]      | riscv_cpu_inst/riscv_reg_file_inst/clear                   |               13 |             32 |
|  clk_wiz_sys_inst/inst/clk_cpu | riscv_cpu_inst/IDEX_reg_inst/id_ex_branch_opcode_reg[3]_0[0]  | riscv_cpu_inst/EXMEM_reg_inst/SR[0]                        |               12 |             32 |
|  clk_wiz_sys_inst/inst/clk_cpu | riscv_cpu_inst/IDEX_reg_inst/mem_wait_reg_0                   | riscv_cpu_inst/riscv_reg_file_inst/clear                   |                9 |             32 |
|  clk_wiz_sys_inst/inst/clk_cpu | riscv_cpu_inst/EXMEM_reg_inst/E[0]                            | riscv_cpu_inst/EXMEM_reg_inst/ex_mem_data_bram_rd_en_reg_1 |               16 |             35 |
|  clk_wiz_sys_inst/inst/clk_cpu | riscv_cpu_inst/IDEX_reg_inst/mem_wait_reg_1[0]                | riscv_cpu_inst/EXMEM_reg_inst/SR[0]                        |               16 |             64 |
|  clk_wiz_sys_inst/inst/clk_cpu |                                                               |                                                            |               25 |             72 |
|  clk_wiz_sys_inst/inst/clk_cpu | riscv_cpu_inst/EXMEM_reg_inst/ex_mem_data_bram_rd_en_reg_2[0] | riscv_cpu_inst/riscv_reg_file_inst/clear                   |               26 |             76 |
|  clk_wiz_sys_inst/inst/clk_cpu | riscv_cpu_inst/EXMEM_reg_inst/E[0]                            | riscv_cpu_inst/EXMEM_reg_inst/SR[0]                        |               49 |            109 |
|  clk_wiz_sys_inst/inst/clk_cpu | riscv_cpu_inst/EXMEM_reg_inst/E[0]                            | riscv_cpu_inst/riscv_reg_file_inst/clear                   |               95 |            263 |
+--------------------------------+---------------------------------------------------------------+------------------------------------------------------------+------------------+----------------+


