
*** Running vivado
    with args -log riscv_mcu_tdpram_top.vdi -applog -m64 -product Vivado -messageDb vivado.pb -mode batch -source riscv_mcu_tdpram_top.tcl -notrace


****** Vivado v2019.2 (64-bit)
  **** SW Build 2708876 on Wed Nov  6 21:40:23 MST 2019
  **** IP Build 2700528 on Thu Nov  7 00:09:20 MST 2019
    ** Copyright 1986-2019 Xilinx, Inc. All Rights Reserved.

source riscv_mcu_tdpram_top.tcl -notrace
Command: link_design -top riscv_mcu_tdpram_top -part xc7a100tfgg676-2
Design is defaulting to srcset: sources_1
Design is defaulting to constrset: constrs_1
INFO: [Device 21-403] Loading part xc7a100tfgg676-2
INFO: [Project 1-454] Reading design checkpoint 'd:/FPGA/RISCV_FPGA_TrueDualPort_Example/RISCV_FPGA.srcs/sources_1/ip/clk_wiz_sys/clk_wiz_sys.dcp' for cell 'clk_wiz_sys_inst'
INFO: [Project 1-454] Reading design checkpoint 'd:/FPGA/RISCV_FPGA_TrueDualPort_Example/RISCV_FPGA.srcs/sources_1/ip/tdp_bram/tdp_bram.dcp' for cell 'data_bram_inst'
Netlist sorting complete. Time (s): cpu = 00:00:00 ; elapsed = 00:00:00.048 . Memory (MB): peak = 614.430 ; gain = 0.000
INFO: [Netlist 29-17] Analyzing 697 Unisim elements for replacement
INFO: [Netlist 29-28] Unisim Transformation completed in 0 CPU seconds
INFO: [Project 1-479] Netlist was created with Vivado 2019.2
INFO: [Project 1-570] Preparing netlist for logic optimization
Parsing XDC File [d:/FPGA/RISCV_FPGA_TrueDualPort_Example/RISCV_FPGA.srcs/sources_1/ip/clk_wiz_sys/clk_wiz_sys_board.xdc] for cell 'clk_wiz_sys_inst/inst'
Finished Parsing XDC File [d:/FPGA/RISCV_FPGA_TrueDualPort_Example/RISCV_FPGA.srcs/sources_1/ip/clk_wiz_sys/clk_wiz_sys_board.xdc] for cell 'clk_wiz_sys_inst/inst'
Parsing XDC File [d:/FPGA/RISCV_FPGA_TrueDualPort_Example/RISCV_FPGA.srcs/sources_1/ip/clk_wiz_sys/clk_wiz_sys.xdc] for cell 'clk_wiz_sys_inst/inst'
INFO: [Timing 38-35] Done setting XDC timing constraints. [d:/FPGA/RISCV_FPGA_TrueDualPort_Example/RISCV_FPGA.srcs/sources_1/ip/clk_wiz_sys/clk_wiz_sys.xdc:57]
INFO: [Timing 38-2] Deriving generated clocks [d:/FPGA/RISCV_FPGA_TrueDualPort_Example/RISCV_FPGA.srcs/sources_1/ip/clk_wiz_sys/clk_wiz_sys.xdc:57]
Finished Parsing XDC File [d:/FPGA/RISCV_FPGA_TrueDualPort_Example/RISCV_FPGA.srcs/sources_1/ip/clk_wiz_sys/clk_wiz_sys.xdc] for cell 'clk_wiz_sys_inst/inst'
Parsing XDC File [D:/FPGA/RISCV_FPGA_TrueDualPort_Example/RISCV_FPGA.srcs/constrs_1/new/mul_para.xdc]
CRITICAL WARNING: [Constraints 18-1055] Clock 'clk' completely overrides clock 'CLK_FPGA', which is referenced by one or more other constraints. Any constraints that refer to the overridden clock will be ignored.
New: create_clock -period 10.000 -name clk [get_ports CLK_FPGA], [D:/FPGA/RISCV_FPGA_TrueDualPort_Example/RISCV_FPGA.srcs/constrs_1/new/mul_para.xdc:1]
Previous: create_clock -period 10.000 [get_ports CLK_FPGA], [d:/FPGA/RISCV_FPGA_TrueDualPort_Example/RISCV_FPGA.srcs/sources_1/ip/clk_wiz_sys/clk_wiz_sys.xdc:56]
Resolution: Review the constraint files and remove the redundant clock definition(s). If the clock constraints are not saved in a file, you can first save the constraints to an XDC file and reload the design once the constraints have been corrected.
Finished Parsing XDC File [D:/FPGA/RISCV_FPGA_TrueDualPort_Example/RISCV_FPGA.srcs/constrs_1/new/mul_para.xdc]
INFO: [Opt 31-138] Pushed 0 inverter(s) to 0 load pin(s).
Netlist sorting complete. Time (s): cpu = 00:00:00 ; elapsed = 00:00:00.001 . Memory (MB): peak = 1317.996 ; gain = 0.000
INFO: [Project 1-111] Unisim Transformation Summary:
  A total of 32 instances were transformed.
  IOBUF => IOBUF (IBUF, OBUFT): 32 instances

11 Infos, 0 Warnings, 1 Critical Warnings and 0 Errors encountered.
link_design completed successfully
link_design: Time (s): cpu = 00:00:07 ; elapsed = 00:00:10 . Memory (MB): peak = 1317.996 ; gain = 1016.242
Command: opt_design
Attempting to get a license for feature 'Implementation' and/or device 'xc7a100t'
INFO: [Common 17-349] Got license for feature 'Implementation' and/or device 'xc7a100t'
Running DRC as a precondition to command opt_design

Starting DRC Task
INFO: [DRC 23-27] Running DRC with 2 threads
INFO: [Project 1-461] DRC finished with 0 Errors
INFO: [Project 1-462] Please refer to the DRC report (report_drc) for more information.

Time (s): cpu = 00:00:01 ; elapsed = 00:00:00.431 . Memory (MB): peak = 1317.996 ; gain = 0.000

Starting Cache Timing Information Task
INFO: [Timing 38-35] Done setting XDC timing constraints.
INFO: [Timing 38-2] Deriving generated clocks
Ending Cache Timing Information Task | Checksum: 1944282cd

Time (s): cpu = 00:00:00 ; elapsed = 00:00:00.146 . Memory (MB): peak = 1330.965 ; gain = 12.969

Starting Logic Optimization Task

Phase 1 Retarget
INFO: [Opt 31-138] Pushed 0 inverter(s) to 0 load pin(s).
INFO: [Opt 31-49] Retargeted 0 cell(s).
Phase 1 Retarget | Checksum: e9d55d7e

Time (s): cpu = 00:00:00 ; elapsed = 00:00:00.182 . Memory (MB): peak = 1505.812 ; gain = 0.000
INFO: [Opt 31-389] Phase Retarget created 8 cells and removed 18 cells
INFO: [Opt 31-1021] In phase Retarget, 1 netlist objects are constrained preventing optimization. Please run opt_design with -debug_log to get more detail. 

Phase 2 Constant propagation
INFO: [Opt 31-138] Pushed 0 inverter(s) to 0 load pin(s).
Phase 2 Constant propagation | Checksum: c1bb1c65

Time (s): cpu = 00:00:01 ; elapsed = 00:00:00.215 . Memory (MB): peak = 1505.812 ; gain = 0.000
INFO: [Opt 31-389] Phase Constant propagation created 0 cells and removed 16 cells

Phase 3 Sweep
Phase 3 Sweep | Checksum: 1360168d0

Time (s): cpu = 00:00:01 ; elapsed = 00:00:00.380 . Memory (MB): peak = 1505.812 ; gain = 0.000
INFO: [Opt 31-389] Phase Sweep created 0 cells and removed 198 cells

Phase 4 BUFG optimization
INFO: [Opt 31-1112] Starts optimizing BUFG(s) with a common MMCM/DPLL/XPLL driver.
INFO: [Opt 31-1112] Starts optimizing BUFG(s) with a common driver.
INFO: [Opt 31-1092] Phase BUFG optimization transformed 0 BUFG(s) to MBUFG(s).
Phase 4 BUFG optimization | Checksum: 1360168d0

Time (s): cpu = 00:00:01 ; elapsed = 00:00:00.446 . Memory (MB): peak = 1505.812 ; gain = 0.000
INFO: [Opt 31-662] Phase BUFG optimization created 0 cells of which 0 are BUFGs and removed 0 cells.

Phase 5 Shift Register Optimization
INFO: [Opt 31-1064] SRL Remap converted 0 SRLs to 0 registers and converted 0 registers of register chains to 0 SRLs
Phase 5 Shift Register Optimization | Checksum: 1360168d0

Time (s): cpu = 00:00:01 ; elapsed = 00:00:00.491 . Memory (MB): peak = 1505.812 ; gain = 0.000
INFO: [Opt 31-389] Phase Shift Register Optimization created 0 cells and removed 0 cells

Phase 6 Post Processing Netlist
Phase 6 Post Processing Netlist | Checksum: 1360168d0

Time (s): cpu = 00:00:01 ; elapsed = 00:00:00.514 . Memory (MB): peak = 1505.812 ; gain = 0.000
INFO: [Opt 31-389] Phase Post Processing Netlist created 0 cells and removed 0 cells
Opt_design Change Summary
=========================


-------------------------------------------------------------------------------------------------------------------------
|  Phase                        |  #Cells created  |  #Cells Removed  |  #Constrained objects preventing optimizations  |
-------------------------------------------------------------------------------------------------------------------------
|  Retarget                     |               8  |              18  |                                              1  |
|  Constant propagation         |               0  |              16  |                                              0  |
|  Sweep                        |               0  |             198  |                                              0  |
|  BUFG optimization            |               0  |               0  |                                              0  |
|  Shift Register Optimization  |               0  |               0  |                                              0  |
|  Post Processing Netlist      |               0  |               0  |                                              0  |
-------------------------------------------------------------------------------------------------------------------------



Starting Connectivity Check Task

Time (s): cpu = 00:00:00 ; elapsed = 00:00:00.006 . Memory (MB): peak = 1505.812 ; gain = 0.000
Ending Logic Optimization Task | Checksum: 10fb67242

Time (s): cpu = 00:00:01 ; elapsed = 00:00:00.567 . Memory (MB): peak = 1505.812 ; gain = 0.000

Starting Power Optimization Task
INFO: [Pwropt 34-132] Skipping clock gating for clocks with a period < 2.00 ns.
INFO: [Timing 38-35] Done setting XDC timing constraints.
INFO: [Physopt 32-619] Estimated Timing Summary | WNS=0.285 | TNS=0.000 |
Running Vector-less Activity Propagation...

Finished Running Vector-less Activity Propagation
INFO: [Pwropt 34-9] Applying IDT optimizations ...
INFO: [Pwropt 34-10] Applying ODC optimizations ...


Starting PowerOpt Patch Enables Task
INFO: [Pwropt 34-162] WRITE_MODE attribute of 0 BRAM(s) out of a total of 64 has been updated to save power. Run report_power_opt to get a complete listing of the BRAMs updated.
INFO: [Pwropt 34-201] Structural ODC has moved 0 WE to EN ports
Number of BRAM Ports augmented: 0 newly gated: 0 Total Ports: 128
Ending PowerOpt Patch Enables Task | Checksum: 10fb67242

Time (s): cpu = 00:00:00 ; elapsed = 00:00:00.151 . Memory (MB): peak = 1669.984 ; gain = 0.000
Ending Power Optimization Task | Checksum: 10fb67242

Time (s): cpu = 00:00:03 ; elapsed = 00:00:03 . Memory (MB): peak = 1669.984 ; gain = 164.172

Starting Final Cleanup Task
Ending Final Cleanup Task | Checksum: 10fb67242

Time (s): cpu = 00:00:00 ; elapsed = 00:00:00 . Memory (MB): peak = 1669.984 ; gain = 0.000

Starting Netlist Obfuscation Task
Netlist sorting complete. Time (s): cpu = 00:00:00 ; elapsed = 00:00:00.001 . Memory (MB): peak = 1669.984 ; gain = 0.000
Ending Netlist Obfuscation Task | Checksum: 10fb67242

Time (s): cpu = 00:00:00 ; elapsed = 00:00:00.001 . Memory (MB): peak = 1669.984 ; gain = 0.000
INFO: [Common 17-83] Releasing license: Implementation
39 Infos, 0 Warnings, 1 Critical Warnings and 0 Errors encountered.
opt_design completed successfully
opt_design: Time (s): cpu = 00:00:06 ; elapsed = 00:00:06 . Memory (MB): peak = 1669.984 ; gain = 351.988
INFO: [Timing 38-35] Done setting XDC timing constraints.
Netlist sorting complete. Time (s): cpu = 00:00:00 ; elapsed = 00:00:00.001 . Memory (MB): peak = 1669.984 ; gain = 0.000
INFO: [Timing 38-480] Writing timing data to binary archive.
INFO: [Common 17-1381] The checkpoint 'D:/FPGA/RISCV_FPGA_TrueDualPort_Example/RISCV_FPGA.runs/impl_1/riscv_mcu_tdpram_top_opt.dcp' has been generated.
INFO: [runtcl-4] Executing : report_drc -file riscv_mcu_tdpram_top_drc_opted.rpt -pb riscv_mcu_tdpram_top_drc_opted.pb -rpx riscv_mcu_tdpram_top_drc_opted.rpx
Command: report_drc -file riscv_mcu_tdpram_top_drc_opted.rpt -pb riscv_mcu_tdpram_top_drc_opted.pb -rpx riscv_mcu_tdpram_top_drc_opted.rpx
INFO: [IP_Flow 19-1839] IP Catalog is up to date.
INFO: [DRC 23-27] Running DRC with 2 threads
INFO: [Coretcl 2-168] The results of DRC are in file D:/FPGA/RISCV_FPGA_TrueDualPort_Example/RISCV_FPGA.runs/impl_1/riscv_mcu_tdpram_top_drc_opted.rpt.
report_drc completed successfully
Command: place_design
Attempting to get a license for feature 'Implementation' and/or device 'xc7a100t'
INFO: [Common 17-349] Got license for feature 'Implementation' and/or device 'xc7a100t'
INFO: [DRC 23-27] Running DRC with 2 threads
INFO: [Vivado_Tcl 4-198] DRC finished with 0 Errors
INFO: [Vivado_Tcl 4-199] Please refer to the DRC report (report_drc) for more information.
Running DRC as a precondition to command place_design
INFO: [DRC 23-27] Running DRC with 2 threads
INFO: [Vivado_Tcl 4-198] DRC finished with 0 Errors
INFO: [Vivado_Tcl 4-199] Please refer to the DRC report (report_drc) for more information.

Starting Placer Task
INFO: [Place 30-611] Multithreading enabled for place_design using a maximum of 2 CPUs

Phase 1 Placer Initialization

Phase 1.1 Placer Initialization Netlist Sorting
Netlist sorting complete. Time (s): cpu = 00:00:00 ; elapsed = 00:00:00.001 . Memory (MB): peak = 1669.984 ; gain = 0.000
Phase 1.1 Placer Initialization Netlist Sorting | Checksum: a4f3090a

Time (s): cpu = 00:00:01 ; elapsed = 00:00:00.010 . Memory (MB): peak = 1669.984 ; gain = 0.000
Netlist sorting complete. Time (s): cpu = 00:00:00 ; elapsed = 00:00:00.001 . Memory (MB): peak = 1669.984 ; gain = 0.000

Phase 1.2 IO Placement/ Clock Placement/ Build Placer Device
Phase 1.2 IO Placement/ Clock Placement/ Build Placer Device | Checksum: 1a631d97f

Time (s): cpu = 00:00:01 ; elapsed = 00:00:00.498 . Memory (MB): peak = 1669.984 ; gain = 0.000

Phase 1.3 Build Placer Netlist Model
Phase 1.3 Build Placer Netlist Model | Checksum: 22e3d90fc

Time (s): cpu = 00:00:02 ; elapsed = 00:00:01 . Memory (MB): peak = 1669.984 ; gain = 0.000

Phase 1.4 Constrain Clocks/Macros
Phase 1.4 Constrain Clocks/Macros | Checksum: 22e3d90fc

Time (s): cpu = 00:00:02 ; elapsed = 00:00:01 . Memory (MB): peak = 1669.984 ; gain = 0.000
Phase 1 Placer Initialization | Checksum: 22e3d90fc

Time (s): cpu = 00:00:02 ; elapsed = 00:00:01 . Memory (MB): peak = 1669.984 ; gain = 0.000

Phase 2 Global Placement

Phase 2.1 Floorplanning
Phase 2.1 Floorplanning | Checksum: 24151078b

Time (s): cpu = 00:00:02 ; elapsed = 00:00:01 . Memory (MB): peak = 1669.984 ; gain = 0.000

Phase 2.2 Global Placement Core

Phase 2.2.1 Physical Synthesis In Placer
INFO: [Physopt 32-1018] Found 25 candidate LUT instances to create LUTNM shape
INFO: [Physopt 32-775] End 1 Pass. Optimized 63 nets or cells. Created 51 new cells, deleted 12 existing cells and moved 0 existing cell
INFO: [Physopt 32-65] No nets found for high-fanout optimization.
INFO: [Physopt 32-232] Optimized 0 net. Created 0 new instance.
INFO: [Physopt 32-775] End 1 Pass. Optimized 0 net or cell. Created 0 new cell, deleted 0 existing cell and moved 0 existing cell
INFO: [Physopt 32-456] No candidate cells for DSP register optimization found in the design.
INFO: [Physopt 32-775] End 2 Pass. Optimized 0 net or cell. Created 0 new cell, deleted 0 existing cell and moved 0 existing cell
INFO: [Physopt 32-775] End 1 Pass. Optimized 0 net or cell. Created 0 new cell, deleted 0 existing cell and moved 0 existing cell
INFO: [Physopt 32-677] No candidate cells for Shift Register optimization found in the design
INFO: [Physopt 32-775] End 1 Pass. Optimized 0 net or cell. Created 0 new cell, deleted 0 existing cell and moved 0 existing cell
INFO: [Physopt 32-526] No candidate cells for BRAM register optimization found in the design
INFO: [Physopt 32-775] End 1 Pass. Optimized 0 net or cell. Created 0 new cell, deleted 0 existing cell and moved 0 existing cell
INFO: [Physopt 32-949] No candidate nets found for HD net replication
INFO: [Physopt 32-775] End 1 Pass. Optimized 0 net or cell. Created 0 new cell, deleted 0 existing cell and moved 0 existing cell
Netlist sorting complete. Time (s): cpu = 00:00:00 ; elapsed = 00:00:00.002 . Memory (MB): peak = 1669.984 ; gain = 0.000

Summary of Physical Synthesis Optimizations
============================================


-----------------------------------------------------------------------------------------------------------------------------------------------------------
|  Optimization                                     |  Added Cells  |  Removed Cells  |  Optimized Cells/Nets  |  Dont Touch  |  Iterations  |  Elapsed   |
-----------------------------------------------------------------------------------------------------------------------------------------------------------
|  LUT Combining                                    |           51  |             12  |                    63  |           0  |           1  |  00:00:00  |
|  Very High Fanout                                 |            0  |              0  |                     0  |           0  |           1  |  00:00:00  |
|  DSP Register                                     |            0  |              0  |                     0  |           0  |           1  |  00:00:00  |
|  Shift Register to Pipeline                       |            0  |              0  |                     0  |           0  |           1  |  00:00:00  |
|  Shift Register                                   |            0  |              0  |                     0  |           0  |           1  |  00:00:00  |
|  BRAM Register                                    |            0  |              0  |                     0  |           0  |           1  |  00:00:00  |
|  Dynamic/Static Region Interface Net Replication  |            0  |              0  |                     0  |           0  |           1  |  00:00:00  |
|  Total                                            |           51  |             12  |                    63  |           0  |           7  |  00:00:00  |
-----------------------------------------------------------------------------------------------------------------------------------------------------------


Phase 2.2.1 Physical Synthesis In Placer | Checksum: 1b98c04eb

Time (s): cpu = 00:00:06 ; elapsed = 00:00:05 . Memory (MB): peak = 1669.984 ; gain = 0.000
Phase 2.2 Global Placement Core | Checksum: e67053b4

Time (s): cpu = 00:00:07 ; elapsed = 00:00:05 . Memory (MB): peak = 1669.984 ; gain = 0.000
Phase 2 Global Placement | Checksum: e67053b4

Time (s): cpu = 00:00:07 ; elapsed = 00:00:05 . Memory (MB): peak = 1669.984 ; gain = 0.000

Phase 3 Detail Placement

Phase 3.1 Commit Multi Column Macros
Phase 3.1 Commit Multi Column Macros | Checksum: 16245bf7c

Time (s): cpu = 00:00:07 ; elapsed = 00:00:06 . Memory (MB): peak = 1669.984 ; gain = 0.000

Phase 3.2 Commit Most Macros & LUTRAMs
Phase 3.2 Commit Most Macros & LUTRAMs | Checksum: 14ea94150

Time (s): cpu = 00:00:08 ; elapsed = 00:00:06 . Memory (MB): peak = 1669.984 ; gain = 0.000

Phase 3.3 Area Swap Optimization
Phase 3.3 Area Swap Optimization | Checksum: 10acb414d

Time (s): cpu = 00:00:08 ; elapsed = 00:00:06 . Memory (MB): peak = 1669.984 ; gain = 0.000

Phase 3.4 Pipeline Register Optimization
Phase 3.4 Pipeline Register Optimization | Checksum: ee5633cd

Time (s): cpu = 00:00:08 ; elapsed = 00:00:06 . Memory (MB): peak = 1669.984 ; gain = 0.000

Phase 3.5 Fast Optimization
Phase 3.5 Fast Optimization | Checksum: 15fb49e76

Time (s): cpu = 00:00:08 ; elapsed = 00:00:07 . Memory (MB): peak = 1669.984 ; gain = 0.000

Phase 3.6 Small Shape Detail Placement
Phase 3.6 Small Shape Detail Placement | Checksum: 1b5f23629

Time (s): cpu = 00:00:09 ; elapsed = 00:00:09 . Memory (MB): peak = 1669.984 ; gain = 0.000

Phase 3.7 Re-assign LUT pins
Phase 3.7 Re-assign LUT pins | Checksum: 1f895e249

Time (s): cpu = 00:00:10 ; elapsed = 00:00:09 . Memory (MB): peak = 1669.984 ; gain = 0.000

Phase 3.8 Pipeline Register Optimization
Phase 3.8 Pipeline Register Optimization | Checksum: 181f5cd19

Time (s): cpu = 00:00:10 ; elapsed = 00:00:09 . Memory (MB): peak = 1669.984 ; gain = 0.000
Phase 3 Detail Placement | Checksum: 181f5cd19

Time (s): cpu = 00:00:10 ; elapsed = 00:00:09 . Memory (MB): peak = 1669.984 ; gain = 0.000

Phase 4 Post Placement Optimization and Clean-Up

Phase 4.1 Post Commit Optimization
INFO: [Timing 38-35] Done setting XDC timing constraints.

Phase 4.1.1 Post Placement Optimization
Post Placement Optimization Initialization | Checksum: 1bd88f121

Phase 4.1.1.1 BUFG Insertion
INFO: [Place 46-33] Processed net riscv_cpu_inst/riscv_reg_file_inst/clear, BUFG insertion was skipped due to placement/routing conflicts.
INFO: [Place 46-56] BUFG insertion identified 1 candidate nets. Inserted BUFG: 0, Replicated BUFG Driver: 0, Skipped due to Placement/Routing Conflicts: 1, Skipped due to Timing Degradation: 0, Skipped due to Illegal Netlist: 0.
Phase 4.1.1.1 BUFG Insertion | Checksum: 1bd88f121

Time (s): cpu = 00:00:10 ; elapsed = 00:00:10 . Memory (MB): peak = 1669.984 ; gain = 0.000
INFO: [Place 30-746] Post Placement Timing Summary WNS=0.520. For the most accurate timing information please run report_timing.
Phase 4.1.1 Post Placement Optimization | Checksum: 150e100f2

Time (s): cpu = 00:00:11 ; elapsed = 00:00:10 . Memory (MB): peak = 1669.984 ; gain = 0.000
Phase 4.1 Post Commit Optimization | Checksum: 150e100f2

Time (s): cpu = 00:00:11 ; elapsed = 00:00:10 . Memory (MB): peak = 1669.984 ; gain = 0.000

Phase 4.2 Post Placement Cleanup
Phase 4.2 Post Placement Cleanup | Checksum: 150e100f2

Time (s): cpu = 00:00:11 ; elapsed = 00:00:10 . Memory (MB): peak = 1669.984 ; gain = 0.000

Phase 4.3 Placer Reporting
Phase 4.3 Placer Reporting | Checksum: 150e100f2

Time (s): cpu = 00:00:11 ; elapsed = 00:00:10 . Memory (MB): peak = 1669.984 ; gain = 0.000

Phase 4.4 Final Placement Cleanup
Netlist sorting complete. Time (s): cpu = 00:00:00 ; elapsed = 00:00:00.003 . Memory (MB): peak = 1669.984 ; gain = 0.000
Phase 4.4 Final Placement Cleanup | Checksum: 1c43b5cdf

Time (s): cpu = 00:00:11 ; elapsed = 00:00:10 . Memory (MB): peak = 1669.984 ; gain = 0.000
Phase 4 Post Placement Optimization and Clean-Up | Checksum: 1c43b5cdf

Time (s): cpu = 00:00:11 ; elapsed = 00:00:11 . Memory (MB): peak = 1669.984 ; gain = 0.000
Ending Placer Task | Checksum: 18aea9837

Time (s): cpu = 00:00:11 ; elapsed = 00:00:11 . Memory (MB): peak = 1669.984 ; gain = 0.000
INFO: [Common 17-83] Releasing license: Implementation
73 Infos, 0 Warnings, 1 Critical Warnings and 0 Errors encountered.
place_design completed successfully
place_design: Time (s): cpu = 00:00:12 ; elapsed = 00:00:11 . Memory (MB): peak = 1669.984 ; gain = 0.000
Netlist sorting complete. Time (s): cpu = 00:00:00 ; elapsed = 00:00:00.001 . Memory (MB): peak = 1669.984 ; gain = 0.000
INFO: [Timing 38-480] Writing timing data to binary archive.
Writing placer database...
Writing XDEF routing.
Writing XDEF routing logical nets.
Writing XDEF routing special nets.
Write XDEF Complete: Time (s): cpu = 00:00:01 ; elapsed = 00:00:00.201 . Memory (MB): peak = 1669.984 ; gain = 0.000
INFO: [Common 17-1381] The checkpoint 'D:/FPGA/RISCV_FPGA_TrueDualPort_Example/RISCV_FPGA.runs/impl_1/riscv_mcu_tdpram_top_placed.dcp' has been generated.
INFO: [runtcl-4] Executing : report_io -file riscv_mcu_tdpram_top_io_placed.rpt
report_io: Time (s): cpu = 00:00:00 ; elapsed = 00:00:00.047 . Memory (MB): peak = 1669.984 ; gain = 0.000
INFO: [runtcl-4] Executing : report_utilization -file riscv_mcu_tdpram_top_utilization_placed.rpt -pb riscv_mcu_tdpram_top_utilization_placed.pb
INFO: [runtcl-4] Executing : report_control_sets -verbose -file riscv_mcu_tdpram_top_control_sets_placed.rpt
report_control_sets: Time (s): cpu = 00:00:00 ; elapsed = 00:00:00.006 . Memory (MB): peak = 1669.984 ; gain = 0.000
Command: route_design
Attempting to get a license for feature 'Implementation' and/or device 'xc7a100t'
INFO: [Common 17-349] Got license for feature 'Implementation' and/or device 'xc7a100t'
Running DRC as a precondition to command route_design
INFO: [DRC 23-27] Running DRC with 2 threads
INFO: [Vivado_Tcl 4-198] DRC finished with 0 Errors
INFO: [Vivado_Tcl 4-199] Please refer to the DRC report (report_drc) for more information.


Starting Routing Task
INFO: [Route 35-254] Multithreading enabled for route_design using a maximum of 2 CPUs
Checksum: PlaceDB: be7fb054 ConstDB: 0 ShapeSum: cc6ae7e3 RouteDB: 0

Phase 1 Build RT Design
Phase 1 Build RT Design | Checksum: 6568bb5d

Time (s): cpu = 00:00:18 ; elapsed = 00:00:16 . Memory (MB): peak = 1680.863 ; gain = 10.879
Post Restoration Checksum: NetGraph: 1065d06 NumContArr: 64625e57 Constraints: 0 Timing: 0

Phase 2 Router Initialization

Phase 2.1 Create Timer
Phase 2.1 Create Timer | Checksum: 6568bb5d

Time (s): cpu = 00:00:18 ; elapsed = 00:00:16 . Memory (MB): peak = 1712.703 ; gain = 42.719

Phase 2.2 Fix Topology Constraints
Phase 2.2 Fix Topology Constraints | Checksum: 6568bb5d

Time (s): cpu = 00:00:18 ; elapsed = 00:00:16 . Memory (MB): peak = 1720.305 ; gain = 50.320

Phase 2.3 Pre Route Cleanup
Phase 2.3 Pre Route Cleanup | Checksum: 6568bb5d

Time (s): cpu = 00:00:18 ; elapsed = 00:00:16 . Memory (MB): peak = 1720.305 ; gain = 50.320
 Number of Nodes with overlaps = 0

Phase 2.4 Update Timing
Phase 2.4 Update Timing | Checksum: 15ded947e

Time (s): cpu = 00:00:19 ; elapsed = 00:00:17 . Memory (MB): peak = 1751.492 ; gain = 81.508
INFO: [Route 35-416] Intermediate Timing Summary | WNS=0.732  | TNS=0.000  | WHS=-0.198 | THS=-21.141|

Phase 2 Router Initialization | Checksum: 1279736af

Time (s): cpu = 00:00:20 ; elapsed = 00:00:17 . Memory (MB): peak = 1753.898 ; gain = 83.914

Router Utilization Summary
  Global Vertical Routing Utilization    = 0 %
  Global Horizontal Routing Utilization  = 0 %
  Routable Net Status*
  *Does not include unroutable nets such as driverless and loadless.
  Run report_route_status for detailed report.
  Number of Failed Nets               = 3487
    (Failed Nets is the sum of unrouted and partially routed nets)
  Number of Unrouted Nets             = 3487
  Number of Partially Routed Nets     = 0
  Number of Node Overlaps             = 0


Phase 3 Initial Routing
Phase 3 Initial Routing | Checksum: 24cdd3556

Time (s): cpu = 00:00:21 ; elapsed = 00:00:19 . Memory (MB): peak = 1773.656 ; gain = 103.672

Phase 4 Rip-up And Reroute

Phase 4.1 Global Iteration 0
 Number of Nodes with overlaps = 1424
 Number of Nodes with overlaps = 579
 Number of Nodes with overlaps = 256
 Number of Nodes with overlaps = 92
 Number of Nodes with overlaps = 42
 Number of Nodes with overlaps = 23
 Number of Nodes with overlaps = 12
 Number of Nodes with overlaps = 7
 Number of Nodes with overlaps = 3
 Number of Nodes with overlaps = 0
INFO: [Route 35-416] Intermediate Timing Summary | WNS=-0.089 | TNS=-1.108 | WHS=N/A    | THS=N/A    |

Phase 4.1 Global Iteration 0 | Checksum: 1fde8ddbc

Time (s): cpu = 00:00:30 ; elapsed = 00:00:25 . Memory (MB): peak = 1773.656 ; gain = 103.672

Phase 4.2 Global Iteration 1
 Number of Nodes with overlaps = 548
 Number of Nodes with overlaps = 188
 Number of Nodes with overlaps = 80
 Number of Nodes with overlaps = 34
 Number of Nodes with overlaps = 6
 Number of Nodes with overlaps = 6
 Number of Nodes with overlaps = 2
 Number of Nodes with overlaps = 0
INFO: [Route 35-416] Intermediate Timing Summary | WNS=0.138  | TNS=0.000  | WHS=N/A    | THS=N/A    |

Phase 4.2 Global Iteration 1 | Checksum: 1c462f7d7

Time (s): cpu = 00:00:34 ; elapsed = 00:00:29 . Memory (MB): peak = 1773.656 ; gain = 103.672
Phase 4 Rip-up And Reroute | Checksum: 1c462f7d7

Time (s): cpu = 00:00:34 ; elapsed = 00:00:29 . Memory (MB): peak = 1773.656 ; gain = 103.672

Phase 5 Delay and Skew Optimization

Phase 5.1 Delay CleanUp
Phase 5.1 Delay CleanUp | Checksum: 1c462f7d7

Time (s): cpu = 00:00:34 ; elapsed = 00:00:29 . Memory (MB): peak = 1773.656 ; gain = 103.672

Phase 5.2 Clock Skew Optimization
Phase 5.2 Clock Skew Optimization | Checksum: 1c462f7d7

Time (s): cpu = 00:00:35 ; elapsed = 00:00:29 . Memory (MB): peak = 1773.656 ; gain = 103.672
Phase 5 Delay and Skew Optimization | Checksum: 1c462f7d7

Time (s): cpu = 00:00:35 ; elapsed = 00:00:29 . Memory (MB): peak = 1773.656 ; gain = 103.672

Phase 6 Post Hold Fix

Phase 6.1 Hold Fix Iter

Phase 6.1.1 Update Timing
Phase 6.1.1 Update Timing | Checksum: 1b2ee30db

Time (s): cpu = 00:00:35 ; elapsed = 00:00:29 . Memory (MB): peak = 1773.656 ; gain = 103.672
INFO: [Route 35-416] Intermediate Timing Summary | WNS=0.205  | TNS=0.000  | WHS=0.120  | THS=0.000  |

Phase 6.1 Hold Fix Iter | Checksum: 1b2ee30db

Time (s): cpu = 00:00:35 ; elapsed = 00:00:29 . Memory (MB): peak = 1773.656 ; gain = 103.672
Phase 6 Post Hold Fix | Checksum: 1b2ee30db

Time (s): cpu = 00:00:35 ; elapsed = 00:00:29 . Memory (MB): peak = 1773.656 ; gain = 103.672

Phase 7 Route finalize

Router Utilization Summary
  Global Vertical Routing Utilization    = 1.2331 %
  Global Horizontal Routing Utilization  = 1.62411 %
  Routable Net Status*
  *Does not include unroutable nets such as driverless and loadless.
  Run report_route_status for detailed report.
  Number of Failed Nets               = 0
    (Failed Nets is the sum of unrouted and partially routed nets)
  Number of Unrouted Nets             = 0
  Number of Partially Routed Nets     = 0
  Number of Node Overlaps             = 0

Phase 7 Route finalize | Checksum: 1f38918f2

Time (s): cpu = 00:00:35 ; elapsed = 00:00:29 . Memory (MB): peak = 1773.656 ; gain = 103.672

Phase 8 Verifying routed nets

 Verification completed successfully
Phase 8 Verifying routed nets | Checksum: 1f38918f2

Time (s): cpu = 00:00:35 ; elapsed = 00:00:29 . Memory (MB): peak = 1773.656 ; gain = 103.672

Phase 9 Depositing Routes
Phase 9 Depositing Routes | Checksum: 20414c4e2

Time (s): cpu = 00:00:35 ; elapsed = 00:00:30 . Memory (MB): peak = 1773.656 ; gain = 103.672

Phase 10 Post Router Timing
INFO: [Route 35-57] Estimated Timing Summary | WNS=0.205  | TNS=0.000  | WHS=0.120  | THS=0.000  |

INFO: [Route 35-327] The final timing numbers are based on the router estimated timing analysis. For a complete and accurate timing signoff, please run report_timing_summary.
Phase 10 Post Router Timing | Checksum: 20414c4e2

Time (s): cpu = 00:00:35 ; elapsed = 00:00:30 . Memory (MB): peak = 1773.656 ; gain = 103.672
INFO: [Route 35-16] Router Completed Successfully

Time (s): cpu = 00:00:35 ; elapsed = 00:00:30 . Memory (MB): peak = 1773.656 ; gain = 103.672

Routing Is Done.
INFO: [Common 17-83] Releasing license: Implementation
91 Infos, 0 Warnings, 1 Critical Warnings and 0 Errors encountered.
route_design completed successfully
route_design: Time (s): cpu = 00:00:36 ; elapsed = 00:00:30 . Memory (MB): peak = 1773.656 ; gain = 103.672
Netlist sorting complete. Time (s): cpu = 00:00:00 ; elapsed = 00:00:00.001 . Memory (MB): peak = 1773.656 ; gain = 0.000
INFO: [Timing 38-480] Writing timing data to binary archive.
Writing placer database...
Writing XDEF routing.
Writing XDEF routing logical nets.
Writing XDEF routing special nets.
Write XDEF Complete: Time (s): cpu = 00:00:01 ; elapsed = 00:00:00.275 . Memory (MB): peak = 1773.656 ; gain = 0.000
INFO: [Common 17-1381] The checkpoint 'D:/FPGA/RISCV_FPGA_TrueDualPort_Example/RISCV_FPGA.runs/impl_1/riscv_mcu_tdpram_top_routed.dcp' has been generated.
INFO: [runtcl-4] Executing : report_drc -file riscv_mcu_tdpram_top_drc_routed.rpt -pb riscv_mcu_tdpram_top_drc_routed.pb -rpx riscv_mcu_tdpram_top_drc_routed.rpx
Command: report_drc -file riscv_mcu_tdpram_top_drc_routed.rpt -pb riscv_mcu_tdpram_top_drc_routed.pb -rpx riscv_mcu_tdpram_top_drc_routed.rpx
INFO: [IP_Flow 19-1839] IP Catalog is up to date.
INFO: [DRC 23-27] Running DRC with 2 threads
INFO: [Coretcl 2-168] The results of DRC are in file D:/FPGA/RISCV_FPGA_TrueDualPort_Example/RISCV_FPGA.runs/impl_1/riscv_mcu_tdpram_top_drc_routed.rpt.
report_drc completed successfully
INFO: [runtcl-4] Executing : report_methodology -file riscv_mcu_tdpram_top_methodology_drc_routed.rpt -pb riscv_mcu_tdpram_top_methodology_drc_routed.pb -rpx riscv_mcu_tdpram_top_methodology_drc_routed.rpx
Command: report_methodology -file riscv_mcu_tdpram_top_methodology_drc_routed.rpt -pb riscv_mcu_tdpram_top_methodology_drc_routed.pb -rpx riscv_mcu_tdpram_top_methodology_drc_routed.rpx
INFO: [Timing 38-35] Done setting XDC timing constraints.
INFO: [DRC 23-133] Running Methodology with 2 threads
INFO: [Coretcl 2-1520] The results of Report Methodology are in file D:/FPGA/RISCV_FPGA_TrueDualPort_Example/RISCV_FPGA.runs/impl_1/riscv_mcu_tdpram_top_methodology_drc_routed.rpt.
report_methodology completed successfully
INFO: [runtcl-4] Executing : report_power -file riscv_mcu_tdpram_top_power_routed.rpt -pb riscv_mcu_tdpram_top_power_summary_routed.pb -rpx riscv_mcu_tdpram_top_power_routed.rpx
Command: report_power -file riscv_mcu_tdpram_top_power_routed.rpt -pb riscv_mcu_tdpram_top_power_summary_routed.pb -rpx riscv_mcu_tdpram_top_power_routed.rpx
INFO: [Timing 38-35] Done setting XDC timing constraints.
Running Vector-less Activity Propagation...

Finished Running Vector-less Activity Propagation
103 Infos, 0 Warnings, 1 Critical Warnings and 0 Errors encountered.
report_power completed successfully
INFO: [runtcl-4] Executing : report_route_status -file riscv_mcu_tdpram_top_route_status.rpt -pb riscv_mcu_tdpram_top_route_status.pb
INFO: [runtcl-4] Executing : report_timing_summary -max_paths 10 -file riscv_mcu_tdpram_top_timing_summary_routed.rpt -pb riscv_mcu_tdpram_top_timing_summary_routed.pb -rpx riscv_mcu_tdpram_top_timing_summary_routed.rpx -warn_on_violation 
INFO: [Timing 38-91] UpdateTimingParams: Speed grade: -2, Delay Type: min_max.
INFO: [Timing 38-191] Multithreading enabled for timing update using a maximum of 2 CPUs
INFO: [runtcl-4] Executing : report_incremental_reuse -file riscv_mcu_tdpram_top_incremental_reuse_routed.rpt
INFO: [Vivado_Tcl 4-1062] Incremental flow is disabled. No incremental reuse Info to report.
INFO: [runtcl-4] Executing : report_clock_utilization -file riscv_mcu_tdpram_top_clock_utilization_routed.rpt
INFO: [runtcl-4] Executing : report_bus_skew -warn_on_violation -file riscv_mcu_tdpram_top_bus_skew_routed.rpt -pb riscv_mcu_tdpram_top_bus_skew_routed.pb -rpx riscv_mcu_tdpram_top_bus_skew_routed.rpx
INFO: [Timing 38-91] UpdateTimingParams: Speed grade: -2, Delay Type: min_max.
INFO: [Timing 38-191] Multithreading enabled for timing update using a maximum of 2 CPUs
INFO: [Common 17-206] Exiting Vivado at Wed May  6 11:47:11 2026...
