#-----------------------------------------------------------
# Vivado v2019.2 (64-bit)
# SW Build 2708876 on Wed Nov  6 21:40:23 MST 2019
# IP Build 2700528 on Thu Nov  7 00:09:20 MST 2019
# Start of session at: Wed Apr 29 11:11:43 2026
# Process ID: 306028
# Current directory: D:/FPGA/RISCV_FPGA_TrueDualPort_Example
# Command line: vivado.exe -gui_launcher_event rodinguilauncherevent289952 D:\FPGA\RISCV_FPGA_TrueDualPort_Example\RISCV_FPGA.xpr
# Log file: D:/FPGA/RISCV_FPGA_TrueDualPort_Example/vivado.log
# Journal file: D:/FPGA/RISCV_FPGA_TrueDualPort_Example\vivado.jou
#-----------------------------------------------------------
start_gui
open_project D:/FPGA/RISCV_FPGA_TrueDualPort_Example/RISCV_FPGA.xpr
INFO: [Project 1-313] Project file moved from 'D:/大三/大三下/CPU/RISCV_FPGA_TrueDualPort_Example' since last save.
Scanning sources...
Finished scanning sources
INFO: [IP_Flow 19-234] Refreshing IP repositories
INFO: [IP_Flow 19-1704] No user IP repositories specified
INFO: [IP_Flow 19-2313] Loaded Vivado IP repository 'D:/Xilinx/Vivado/2019.2/data/ip'.
reset_run synth_1
launch_runs synth_1 -jobs 8
[Wed Apr 29 11:12:03 2026] Launched synth_1...
Run output will be captured here: D:/FPGA/RISCV_FPGA_TrueDualPort_Example/RISCV_FPGA.runs/synth_1/runme.log
launch_runs impl_1 -jobs 8
[Wed Apr 29 11:13:12 2026] Launched impl_1...
Run output will be captured here: D:/FPGA/RISCV_FPGA_TrueDualPort_Example/RISCV_FPGA.runs/impl_1/runme.log
reset_run synth_1
launch_runs synth_1 -jobs 8
[Wed Apr 29 11:41:50 2026] Launched synth_1...
Run output will be captured here: D:/FPGA/RISCV_FPGA_TrueDualPort_Example/RISCV_FPGA.runs/synth_1/runme.log
launch_runs impl_1 -jobs 8
[Wed Apr 29 11:42:45 2026] Launched impl_1...
Run output will be captured here: D:/FPGA/RISCV_FPGA_TrueDualPort_Example/RISCV_FPGA.runs/impl_1/runme.log
open_run impl_1
INFO: [Device 21-403] Loading part xc7a100tfgg676-2
Netlist sorting complete. Time (s): cpu = 00:00:00 ; elapsed = 00:00:00.032 . Memory (MB): peak = 1169.594 ; gain = 0.000
INFO: [Netlist 29-17] Analyzing 224 Unisim elements for replacement
INFO: [Netlist 29-28] Unisim Transformation completed in 0 CPU seconds
INFO: [Project 1-479] Netlist was created with Vivado 2019.2
INFO: [Project 1-570] Preparing netlist for logic optimization
INFO: [Timing 38-478] Restoring timing data from binary archive.
INFO: [Timing 38-479] Binary timing data restore complete.
INFO: [Project 1-856] Restoring constraints from binary archive.
INFO: [Project 1-853] Binary constraint restore complete.
Reading XDEF placement.
Reading placer database...
Reading XDEF routing.
Read XDEF File: Time (s): cpu = 00:00:00 ; elapsed = 00:00:00.229 . Memory (MB): peak = 1859.582 ; gain = 0.000
Restored from archive | CPU: 0.000000 secs | Memory: 0.000000 MB |
Finished XDEF File Restore: Time (s): cpu = 00:00:00 ; elapsed = 00:00:00.230 . Memory (MB): peak = 1859.582 ; gain = 0.000
Netlist sorting complete. Time (s): cpu = 00:00:00 ; elapsed = 00:00:00.001 . Memory (MB): peak = 1859.582 ; gain = 0.000
INFO: [Project 1-111] Unisim Transformation Summary:
  A total of 32 instances were transformed.
  IOBUF => IOBUF (IBUF, OBUFT): 32 instances

open_run: Time (s): cpu = 00:00:15 ; elapsed = 00:00:14 . Memory (MB): peak = 2041.434 ; gain = 1055.855
CRITICAL WARNING: [Timing 38-282] The design failed to meet the timing requirements. Please see the timing summary report for details on the timing violations.
exit
INFO: [Common 17-206] Exiting Vivado at Wed Apr 29 11:48:46 2026...
