#
# A fatal error has been detected by the Java Runtime Environment:
#
#  EXCEPTION_ACCESS_VIOLATION (0xc0000005) at pc=0x00007ffc8452db50, pid=2932, tid=34836
#
# JRE version: Java(TM) SE Runtime Environment (9.0+11) (build 9.0.4+11)
# Java VM: Java HotSpot(TM) 64-Bit Server VM (9.0.4+11, mixed mode, tiered, compressed oops, g1 gc, windows-amd64)
# Problematic frame:
# C  [librdi_wavedata.dll+0x46db50]
#
# No core dump will be written. Minidumps are not enabled by default on client versions of Windows
#
# If you would like to submit a bug report, please visit:
#   http://bugreport.java.com/bugreport/crash.jsp
# The crash happened outside the Java Virtual Machine in native code.
# See problematic frame for where to report the bug.
#

---------------  S U M M A R Y ------------

Command Line: -Dsun.java2d.pmoffscreen=false -Dsun.java2d.xrender=false -Dsun.java2d.d3d=false -Dsun.awt.nopixfmt=true -Dsun.java2d.dpiaware=true -Dsun.java2d.uiScale.enabled=false -Xverify:none -Dswing.aatext=true -XX:-UsePerfData -Djdk.map.althashing.threshold=512 -XX:StringTableSize=4072 --add-opens=java.base/java.nio=ALL-UNNAMED --add-opens=java.desktop/sun.swing=ALL-UNNAMED --add-opens=java.desktop/javax.swing=ALL-UNNAMED --add-opens=java.desktop/javax.swing.tree=ALL-UNNAMED --add-opens=java.desktop/javax.swing.plaf.basic=ALL-UNNAMED --add-opens=java.desktop/javax.swing.plaf.synth=ALL-UNNAMED --add-opens=java.desktop/com.sun.awt=ALL-UNNAMED -XX:NewSize=60m -XX:MaxNewSize=60m -Xms128m -Xmx3072m -Xss5m 

Host: AMD Ryzen 7 7840H w/ Radeon 780M Graphics      , 16 cores, 15G,  Windows 10 , 64 bit Build 26100 (10.0.26100.1)
Time: Wed May 06 10:03:07 2026 ?D1ú±ê×?ê±?? elapsed time: 191 seconds (0d 0h 3m 11s)

---------------  T H R E A D  ---------------

Current thread (0x00000201fde64800):  JavaThread "AWT-EventQueue-1" [_thread_in_native, id=34836, stack(0x0000006758000000,0x0000006758500000)]

Stack: [0x0000006758000000,0x0000006758500000],  sp=0x00000067584f40b8,  free space=5072k
Native frames: (J=compiled Java code, j=interpreted, Vv=VM code, C=native code)
C  [librdi_wavedata.dll+0x46db50]

Java frames: (J=compiled Java code, j=interpreted, Vv=VM code)
j  ui.views.waveform.waveformi.WVExecutive_getGraphicsDataSize(J)J+0
j  ui.views.waveform.executive.a.gZe()Ljava/io/ByteArrayInputStream;+8
j  ui.views.waveform.b.a.gYQ()V+7
j  ui.views.waveform.b.a.giU()V+1
j  ui.views.waveform.m.gYa()V+4
j  ui.views.waveform.m.cZO()V+11
j  ui.views.waveform.w.cZO()V+29
j  ui.views.waveform.c.b.j(Lui/frmwork/b/i;)V+92
j  ui.views.waveform.w.a(Lui/frmwork/b/i;)V+13
J 17705 c1 ui.frmwork.b.l.d(Lui/frmwork/b/i;)V (61 bytes) @ 0x000002018d9ff89c [0x000002018d9ff040+0x000000000000085c]
J 17687 c1 ui.frmwork.G.i(JZ)V (471 bytes) @ 0x000002018e6b4cac [0x000002018e6b04c0+0x00000000000047ec]
J 17691 c1 ui.frmwork.G.fireTclEvent(J)I (113 bytes) @ 0x000002018d9a49cc [0x000002018d9a41c0+0x000000000000080c]
v  ~StubRoutines::call_stub
j  ui.views.waveform.waveformi.WVExecutive_processModelEvent(JJ)V+0
j  ui.views.waveform.executive.a.eR(J)V+5
j  ui.views.waveform.c.b.eQ(J)V+8
j  ui.views.waveform.c.b.j(Lui/frmwork/b/i;)V+133
j  ui.views.waveform.w.a(Lui/frmwork/b/i;)V+13
J 17705 c1 ui.frmwork.b.l.d(Lui/frmwork/b/i;)V (61 bytes) @ 0x000002018d9ff89c [0x000002018d9ff040+0x000000000000085c]
J 17687 c1 ui.frmwork.G.i(JZ)V (471 bytes) @ 0x000002018e6b4cac [0x000002018e6b04c0+0x00000000000047ec]
J 17691 c1 ui.frmwork.G.fireTclEvent(J)I (113 bytes) @ 0x000002018d9a49cc [0x000002018d9a41c0+0x000000000000080c]
v  ~StubRoutines::call_stub
j  ui.views.waveform.waveformi.WVExecutive_processModelEvent(JJ)V+0
j  ui.views.waveform.executive.a.eR(J)V+5
j  ui.views.waveform.c.b.eQ(J)V+8
j  ui.views.waveform.c.e.actionPerformed(Ljava/awt/event/ActionEvent;)V+8
J 14016 c1 javax.swing.Timer.fireActionPerformed(Ljava/awt/event/ActionEvent;)V java.desktop@9.0.4 (46 bytes) @ 0x000002018f4103c4 [0x000002018f410100+0x00000000000002c4]
J 14011 c1 javax.swing.Timer$DoPostEvent.run()V java.desktop@9.0.4 (82 bytes) @ 0x000002018f40decc [0x000002018f40d680+0x000000000000084c]
J 14853 c2 java.awt.EventQueue$3.run()Ljava/lang/Object; java.desktop@9.0.4 (5 bytes) @ 0x00000201955ace48 [0x00000201955ac900+0x0000000000000548]
v  ~StubRoutines::call_stub
J 4221  java.security.AccessController.doPrivileged(Ljava/security/PrivilegedAction;Ljava/security/AccessControlContext;)Ljava/lang/Object; java.base@9.0.4 (0 bytes) @ 0x0000020194b49246 [0x0000020194b491e0+0x0000000000000066]
J 14773 c2 ui.frmwork.b.d.dispatchEvent(Ljava/awt/AWTEvent;)V (34 bytes) @ 0x000002019558ff84 [0x000002019558f980+0x0000000000000604]
J 17595 c1 java.awt.EventDispatchThread.pumpOneEventForFilters(I)V java.desktop@9.0.4 (218 bytes) @ 0x000002018fc54214 [0x000002018fc52e40+0x00000000000013d4]
j  java.awt.EventDispatchThread.pumpEventsForFilter(ILjava/awt/Conditional;Ljava/awt/EventFilter;)V+35 java.desktop@9.0.4
j  java.awt.EventDispatchThread.pumpEventsForFilter(Ljava/awt/Conditional;Ljava/awt/EventFilter;)V+4 java.desktop@9.0.4
j  java.awt.WaitDispatchSupport$2.run()V+59 java.desktop@9.0.4
j  java.awt.WaitDispatchSupport$4.run()Ljava/lang/Void;+4 java.desktop@9.0.4
j  java.awt.WaitDispatchSupport$4.run()Ljava/lang/Object;+1 java.desktop@9.0.4
v  ~StubRoutines::call_stub
J 1147  java.security.AccessController.doPrivileged(Ljava/security/PrivilegedAction;)Ljava/lang/Object; java.base@9.0.4 (0 bytes) @ 0x000002019492a7b2 [0x000002019492a760+0x0000000000000052]
j  java.awt.WaitDispatchSupport.enter()Z+260 java.desktop@9.0.4
j  java.awt.Dialog.show()V+225 java.desktop@9.0.4
J 7654 c1 java.awt.Component.setVisible(Z)V java.desktop@9.0.4 (6 bytes) @ 0x000002018d56984c [0x000002018d569660+0x00000000000001ec]
j  java.awt.Window.setVisible(Z)V+2 java.desktop@9.0.4
j  java.awt.Dialog.setVisible(Z)V+2 java.desktop@9.0.4
j  ui.b.c.g.setVisible(Z)V+2
j  ui.b.c.bB.showDialog()V+64
j  ui.b.c.bI.actionPerformed(Ljava/awt/event/ActionEvent;)V+8
j  ui.b.c.bB.cSz()V+396
j  ui.views.c.t.b.a.run()V+60
j  ui.frmwork.a.epE()Z+66
j  ui.frmwork.Y.erq()V+42
j  ui.bm.actionPerformed(Ljava/awt/event/ActionEvent;)V+25
j  javax.swing.AbstractButton.fireActionPerformed(Ljava/awt/event/ActionEvent;)V+84 java.desktop@9.0.4
j  ui.utils.p.b.E.fireActionPerformed(Ljava/awt/event/ActionEvent;)V+7
j  javax.swing.AbstractButton$Handler.actionPerformed(Ljava/awt/event/ActionEvent;)V+5 java.desktop@9.0.4
j  javax.swing.DefaultButtonModel.fireActionPerformed(Ljava/awt/event/ActionEvent;)V+34 java.desktop@9.0.4
j  javax.swing.DefaultButtonModel.setPressed(Z)V+117 java.desktop@9.0.4
j  javax.swing.plaf.basic.BasicButtonListener.mouseReleased(Ljava/awt/event/MouseEvent;)V+35 java.desktop@9.0.4
j  com.jidesoft.plaf.basic.BasicJideButtonListener.mouseReleased(Ljava/awt/event/MouseEvent;)V+61
j  java.awt.AWTEventMulticaster.mouseReleased(Ljava/awt/event/MouseEvent;)V+8 java.desktop@9.0.4
j  java.awt.AWTEventMulticaster.mouseReleased(Ljava/awt/event/MouseEvent;)V+8 java.desktop@9.0.4
j  java.awt.AWTEventMulticaster.mouseReleased(Ljava/awt/event/MouseEvent;)V+8 java.desktop@9.0.4
j  java.awt.AWTEventMulticaster.mouseReleased(Ljava/awt/event/MouseEvent;)V+8 java.desktop@9.0.4
J 17596 c1 java.awt.Component.processMouseEvent(Ljava/awt/event/MouseEvent;)V java.desktop@9.0.4 (100 bytes) @ 0x000002018fc559b4 [0x000002018fc55620+0x0000000000000394]
J 17602 c1 javax.swing.JComponent.processMouseEvent(Ljava/awt/event/MouseEvent;)V java.desktop@9.0.4 (27 bytes) @ 0x000002018fc5a36c [0x000002018fc5a160+0x000000000000020c]
J 13787 c2 java.awt.Container.processEvent(Ljava/awt/AWTEvent;)V java.desktop@9.0.4 (22 bytes) @ 0x000002019545dbc0 [0x000002019545daa0+0x0000000000000120]
J 18616 c1 java.awt.Component.dispatchEventImpl(Ljava/awt/AWTEvent;)V java.desktop@9.0.4 (739 bytes) @ 0x000002018fd6e90c [0x000002018fd6aca0+0x0000000000003c6c]
J 16076 c2 java.awt.Container.dispatchEventImpl(Ljava/awt/AWTEvent;)V java.desktop@9.0.4 (129 bytes) @ 0x00000201956aa7ac [0x00000201956aa740+0x000000000000006c]
J 18613 c1 java.awt.LightweightDispatcher.retargetMouseEvent(Ljava/awt/Component;ILjava/awt/event/MouseEvent;)V java.desktop@9.0.4 (350 bytes) @ 0x000002018fd57f64 [0x000002018fd55d00+0x0000000000002264]
J 16076 c2 java.awt.Container.dispatchEventImpl(Ljava/awt/AWTEvent;)V java.desktop@9.0.4 (129 bytes) @ 0x00000201956ab020 [0x00000201956aa740+0x00000000000008e0]
J 13566 c1 java.awt.Window.dispatchEventImpl(Ljava/awt/AWTEvent;)V java.desktop@9.0.4 (23 bytes) @ 0x000002018f270474 [0x000002018f26fea0+0x00000000000005d4]
J 14853 c2 java.awt.EventQueue$3.run()Ljava/lang/Object; java.desktop@9.0.4 (5 bytes) @ 0x00000201955acef8 [0x00000201955ac900+0x00000000000005f8]
v  ~StubRoutines::call_stub
J 4221  java.security.AccessController.doPrivileged(Ljava/security/PrivilegedAction;Ljava/security/AccessControlContext;)Ljava/lang/Object; java.base@9.0.4 (0 bytes) @ 0x0000020194b49246 [0x0000020194b491e0+0x0000000000000066]
J 12582 c1 java.awt.EventQueue$4.run()Ljava/lang/Object; java.desktop@9.0.4 (5 bytes) @ 0x000002018e172354 [0x000002018e171f60+0x00000000000003f4]
v  ~StubRoutines::call_stub
J 4221  java.security.AccessController.doPrivileged(Ljava/security/PrivilegedAction;Ljava/security/AccessControlContext;)Ljava/lang/Object; java.base@9.0.4 (0 bytes) @ 0x0000020194b49246 [0x0000020194b491e0+0x0000000000000066]
J 14773 c2 ui.frmwork.b.d.dispatchEvent(Ljava/awt/AWTEvent;)V (34 bytes) @ 0x000002019558fdac [0x000002019558f980+0x000000000000042c]
J 17595 c1 java.awt.EventDispatchThread.pumpOneEventForFilters(I)V java.desktop@9.0.4 (218 bytes) @ 0x000002018fc54214 [0x000002018fc52e40+0x00000000000013d4]
j  java.awt.EventDispatchThread.pumpEventsForFilter(ILjava/awt/Conditional;Ljava/awt/EventFilter;)V+35 java.desktop@9.0.4
j  java.awt.EventDispatchThread.pumpEventsForHierarchy(ILjava/awt/Conditional;Ljava/awt/Component;)V+11 java.desktop@9.0.4
j  java.awt.EventDispatchThread.pumpEvents(ILjava/awt/Conditional;)V+4 java.desktop@9.0.4
j  java.awt.EventDispatchThread.pumpEvents(Ljava/awt/Conditional;)V+3 java.desktop@9.0.4
j  java.awt.EventDispatchThread.run()V+9 java.desktop@9.0.4
v  ~StubRoutines::call_stub

siginfo: EXCEPTION_ACCESS_VIOLATION (0xc0000005), data execution prevention violation at address 0x00007ffc8452db50


Register to memory mapping:

RIP=0x00007ffc8452db50 librdi_wavedata.dll
RAX=0x00007ffc844d1610 librdi_wavedata.dll
RBX=0x00000067584f4220 is pointing into the stack for thread: 0x00000201fde64800
RCX=0x00000201ac66d8e0 is an unknown value
RDX=0x00000201a7d9e2c0 is an unknown value
RSP=0x00000067584f40b8 is pointing into the stack for thread: 0x00000201fde64800
RBP=0x00000067584f41e0 is pointing into the stack for thread: 0x00000201fde64800
RSI=0x00000201a7d9e2c0 is an unknown value
RDI=0x00000201ac66d8e0 is an unknown value
R8 =0x00000067584f41e0 is pointing into the stack for thread: 0x00000201fde64800
R9 =0x00000067584f4220 is pointing into the stack for thread: 0x00000201fde64800
R10=0x00000201a7d9e2d0 is an unknown value
R11=0x00000201a73ea020 is an unknown value
R12=0x0000000000000000 is an unknown value
R13=0x0000000000000000 is an unknown value
R14=0x00000201a7d9e2c0 is an unknown value
R15=0x0000000000000001 is an unknown value


Registers:
RAX=0x00007ffc844d1610, RBX=0x00000067584f4220, RCX=0x00000201ac66d8e0, RDX=0x00000201a7d9e2c0
RSP=0x00000067584f40b8, RBP=0x00000067584f41e0, RSI=0x00000201a7d9e2c0, RDI=0x00000201ac66d8e0
R8 =0x00000067584f41e0, R9 =0x00000067584f4220, R10=0x00000201a7d9e2d0, R11=0x00000201a73ea020
R12=0x0000000000000000, R13=0x0000000000000000, R14=0x00000201a7d9e2c0, R15=0x0000000000000001
RIP=0x00007ffc8452db50, EFLAGS=0x0000000000010202

Top of Stack: (sp=0x00000067584f40b8)
0x00000067584f40b8:   00007ffc841eefbc 00000201b6b794f0
0x00000067584f40c8:   0000000071bb16a7 00000201b6bbe960
0x00000067584f40d8:   00007ffd75997d18 0000000000110018
0x00000067584f40e8:   00000067584f4220 00000067584f41e0
0x00000067584f40f8:   00000201a7d9e2c0 fffffffffffffffe
0x00000067584f4108:   0000000071bb1e51 0000ad82af436cc8
0x00000067584f4118:   0000020100000000 00000201f4d47800
0x00000067584f4128:   00000000b6bbe8d0 00000201f4d402a4
0x00000067584f4138:   00000000b58e04c0 00000201fd882470
0x00000067584f4148:   0000000000000010 00000201f4ed60a0
0x00000067584f4158:   00000201f4d40f60 000002018cd2b380
0x00000067584f4168:   0000000000000000 0000de0b6a3e81e6
0x00000067584f4178:   0000000000000000 0000000000000010
0x00000067584f4188:   00000067584f42f8 00000201af92d900
0x00000067584f4198:   00000067584f4229 00000067584f42e0
0x00000067584f41a8:   00007ffc841e60a7 00000201f4d40000 

Instructions: (pc=0x00007ffc8452db50)
0x00007ffc8452db30:   00 00 00 00 ff ff ff ff 00 00 00 00 40 00 00 00
0x00007ffc8452db40:   00 db 46 00 00 00 00 00 00 00 00 00 00 00 00 00
0x00007ffc8452db50:   01 00 00 00 00 00 00 00 00 00 00 00 40 6d 5a 00
0x00007ffc8452db60:   78 db 46 00 50 db 46 00 00 00 00 00 00 00 00 00 



---------------  P R O C E S S  ---------------

Java Threads: ( => current thread )
  0x00000201ad172000 JavaThread "Relaunch Simulation Thread" [_thread_blocked, id=43524, stack(0x000000675b500000,0x000000675ba00000)]
  0x00000201ad175000 JavaThread "Image Fetcher 0" daemon [_thread_blocked, id=44220, stack(0x0000006758500000,0x0000006758a00000)]
  0x00000201ad174000 JavaThread "Image Fetcher 3" daemon [_thread_blocked, id=46788, stack(0x000000675cb00000,0x000000675d000000)]
  0x00000201ad16e800 JavaThread "SyntheticaAnimation 50" daemon [_thread_blocked, id=47008, stack(0x000000675c600000,0x000000675cb00000)]
  0x00000201ad171000 JavaThread "Swing-Shell" daemon [_thread_blocked, id=38824, stack(0x0000006757100000,0x0000006757600000)]
  0x00000201ad166800 JavaThread "Update Runs Swing Worker Thread" [_thread_blocked, id=46000, stack(0x000000675ba00000,0x000000675bf00000)]
  0x00000201ad168000 JavaThread "hw_ila_monitor" [_thread_blocked, id=31676, stack(0x000000675b000000,0x000000675b500000)]
  0x00000201ad168800 JavaThread "Refresh Filesets Swing Worker Thread" [_thread_blocked, id=31984, stack(0x000000675ab00000,0x000000675b000000)]
  0x00000201ad167000 JavaThread "SyntheticaAnimation 70" daemon [_thread_blocked, id=43084, stack(0x000000675a600000,0x000000675ab00000)]
  0x00000201fde6a800 JavaThread "SyntheticaAnimation 25" daemon [_thread_blocked, id=44016, stack(0x0000006759c00000,0x000000675a100000)]
  0x00000201fde6b000 JavaThread "SyntheticaAnimation 50" daemon [_thread_blocked, id=43280, stack(0x0000006759700000,0x0000006759c00000)]
  0x00000201fde69000 JavaThread "Monitor HEventQueue Thread" [_thread_blocked, id=44400, stack(0x0000006759200000,0x0000006759700000)]
  0x00000201fde65000 JavaThread "SyntheticaCleanerThread" daemon [_thread_blocked, id=41500, stack(0x0000006758a00000,0x0000006758f00000)]
  0x00000201fde68000 JavaThread "Batik CleanerThread" daemon [_thread_blocked, id=38692, stack(0x0000006757600000,0x0000006757b00000)]
=>0x00000201fde64800 JavaThread "AWT-EventQueue-1" [_thread_in_native, id=34836, stack(0x0000006758000000,0x0000006758500000)]
  0x00000201a6a54000 JavaThread "Process Messages Thread" [_thread_blocked, id=44112, stack(0x0000006757b00000,0x0000006758000000)]
  0x00000201a74ce800 JavaThread "Thread-1" [_thread_in_native, id=44108, stack(0x000000674f600000,0x0000006750a00000)]
  0x0000020181586800 JavaThread "TimerQueue" daemon [_thread_blocked, id=17684, stack(0x0000006756c00000,0x0000006757100000)]
  0x0000020181481800 JavaThread "AWT-Windows" daemon [_thread_in_native, id=13764, stack(0x0000006756700000,0x0000006756c00000)]
  0x0000020180f05000 JavaThread "AWT-Shutdown" [_thread_blocked, id=20036, stack(0x0000006756200000,0x0000006756700000)]
  0x0000020181283800 JavaThread "Java2D Disposer" daemon [_thread_blocked, id=42252, stack(0x0000006755d00000,0x0000006756200000)]
  0x00000201807ba000 JavaThread "Service Thread" daemon [_thread_blocked, id=32788, stack(0x0000006755700000,0x0000006755c00000)]
  0x0000020180b07800 JavaThread "Common-Cleaner" daemon [_thread_blocked, id=33920, stack(0x0000006755200000,0x0000006755700000)]
  0x00000201fde66000 JavaThread "Sweeper thread" daemon [_thread_blocked, id=33916, stack(0x0000006754d00000,0x0000006755200000)]
  0x0000020180ae2000 JavaThread "C1 CompilerThread11" daemon [_thread_blocked, id=32388, stack(0x0000006754c00000,0x0000006754d00000)]
  0x00000201836af000 JavaThread "C1 CompilerThread10" daemon [_thread_blocked, id=13800, stack(0x0000006754b00000,0x0000006754c00000)]
  0x00000201836ae000 JavaThread "C1 CompilerThread9" daemon [_thread_blocked, id=28312, stack(0x0000006754a00000,0x0000006754b00000)]
  0x00000201836ad000 JavaThread "C1 CompilerThread8" daemon [_thread_blocked, id=29876, stack(0x0000006754900000,0x0000006754a00000)]
  0x00000201836a8800 JavaThread "C2 CompilerThread7" daemon [_thread_blocked, id=31152, stack(0x0000006754800000,0x0000006754900000)]
  0x00000201fddcd800 JavaThread "C2 CompilerThread6" daemon [_thread_blocked, id=8108, stack(0x0000006754700000,0x0000006754800000)]
  0x00000201fddcc000 JavaThread "C2 CompilerThread5" daemon [_thread_blocked, id=34812, stack(0x0000006754600000,0x0000006754700000)]
  0x0000020180768800 JavaThread "C2 CompilerThread4" daemon [_thread_blocked, id=28860, stack(0x0000006754500000,0x0000006754600000)]
  0x0000020180767000 JavaThread "C2 CompilerThread3" daemon [_thread_blocked, id=32956, stack(0x0000006754400000,0x0000006754500000)]
  0x0000020180766800 JavaThread "C2 CompilerThread2" daemon [_thread_blocked, id=34040, stack(0x0000006754300000,0x0000006754400000)]
  0x00000201fde90000 JavaThread "C2 CompilerThread1" daemon [_thread_blocked, id=43560, stack(0x0000006754200000,0x0000006754300000)]
  0x00000201fde8f000 JavaThread "C2 CompilerThread0" daemon [_thread_blocked, id=40120, stack(0x0000006754100000,0x0000006754200000)]
  0x0000020185aae000 JavaThread "Attach Listener" daemon [_thread_blocked, id=43048, stack(0x0000006753c00000,0x0000006754100000)]
  0x00000201f93cc000 JavaThread "Signal Dispatcher" daemon [_thread_blocked, id=44152, stack(0x0000006753700000,0x0000006753c00000)]
  0x00000201836fd000 JavaThread "Finalizer" daemon [_thread_blocked, id=44452, stack(0x0000006753200000,0x0000006753700000)]
  0x00000201836fc800 JavaThread "Reference Handler" daemon [_thread_blocked, id=45664, stack(0x0000006752d00000,0x0000006753200000)]
  0x00000201fde61800 JavaThread "main" [_thread_blocked, id=42076, stack(0x000000674f500000,0x000000674f600000)]

Other Threads:
  0x00000201fde33800 VMThread "VM Thread" [stack: 0x0000006752c00000,0x0000006752d00000] [id=44988]
  0x0000020180e12000 WatcherThread [stack: 0x0000006755c00000,0x0000006755d00000] [id=34780]
  0x0000020185caf000 GCTaskThread "GC Thread#0" [stack: 0x0000006750d00000,0x0000006750e00000] [id=45720]
  0x0000020185cae800 GCTaskThread "GC Thread#1" [stack: 0x0000006750e00000,0x0000006750f00000] [id=44656]
  0x0000020185cad800 GCTaskThread "GC Thread#2" [stack: 0x0000006750f00000,0x0000006751000000] [id=45744]
  0x0000020185cb0000 GCTaskThread "GC Thread#3" [stack: 0x0000006751000000,0x0000006751100000] [id=44352]
  0x0000020185cb0800 GCTaskThread "GC Thread#4" [stack: 0x0000006751100000,0x0000006751200000] [id=17764]
  0x0000020185cb1000 GCTaskThread "GC Thread#5" [stack: 0x0000006751200000,0x0000006751300000] [id=45732]
  0x0000020185cae000 GCTaskThread "GC Thread#6" [stack: 0x0000006751300000,0x0000006751400000] [id=45740]
  0x0000020185cb1800 GCTaskThread "GC Thread#7" [stack: 0x0000006751400000,0x0000006751500000] [id=45748]
  0x0000020185cb4000 GCTaskThread "GC Thread#8" [stack: 0x0000006751500000,0x0000006751600000] [id=45372]
  0x0000020185cb3000 GCTaskThread "GC Thread#9" [stack: 0x0000006751600000,0x0000006751700000] [id=46004]
  0x0000020185cb2800 GCTaskThread "GC Thread#10" [stack: 0x0000006751700000,0x0000006751800000] [id=30220]
  0x0000020185cb3800 GCTaskThread "GC Thread#11" [stack: 0x0000006751800000,0x0000006751900000] [id=20336]
  0x00000201856c0000 GCTaskThread "GC Thread#12" [stack: 0x0000006751900000,0x0000006751a00000] [id=40180]
  0x0000020185a48000 ConcurrentGCThread "G1 Main Marker" [stack: 0x0000006752800000,0x0000006752900000] [id=45888]
  0x00000201856be800 ConcurrentGCThread "G1 Marker#0" [stack: 0x0000006752900000,0x0000006752a00000] [id=34552]
  0x00000201856bf800 ConcurrentGCThread "G1 Marker#1" [stack: 0x0000006752a00000,0x0000006752b00000] [id=43892]
  0x00000201856c1000 ConcurrentGCThread "G1 Marker#2" [stack: 0x0000006752b00000,0x0000006752c00000] [id=44904]
  0x0000020185faa000 ConcurrentGCThread "G1 Refine#0" [stack: 0x0000006752600000,0x0000006752700000] [id=39760]
  0x0000020185fd6800 ConcurrentGCThread "G1 Refine#1" [stack: 0x0000006752500000,0x0000006752600000] [id=41944]
  0x0000020185fd5800 ConcurrentGCThread "G1 Refine#2" [stack: 0x0000006752400000,0x0000006752500000] [id=43944]
  0x0000020185fc4000 ConcurrentGCThread "G1 Refine#3" [stack: 0x0000006752300000,0x0000006752400000] [id=45808]
  0x00000201fd6d7800 ConcurrentGCThread "G1 Refine#4" [stack: 0x0000006752200000,0x0000006752300000] [id=46016]
  0x00000201fd6d6800 ConcurrentGCThread "G1 Refine#5" [stack: 0x0000006752100000,0x0000006752200000] [id=44076]
  0x00000201859e2000 ConcurrentGCThread "G1 Refine#6" [stack: 0x0000006752000000,0x0000006752100000] [id=36612]
  0x0000020186000000 ConcurrentGCThread "G1 Refine#7" [stack: 0x0000006751f00000,0x0000006752000000] [id=44772]
  0x0000020185fff800 ConcurrentGCThread "G1 Refine#8" [stack: 0x0000006751e00000,0x0000006751f00000] [id=45512]
  0x00000201835f9000 ConcurrentGCThread "G1 Refine#9" [stack: 0x0000006751d00000,0x0000006751e00000] [id=43580]
  0x00000201835f8800 ConcurrentGCThread "G1 Refine#10" [stack: 0x0000006751c00000,0x0000006751d00000] [id=44344]
  0x0000020186044800 ConcurrentGCThread "G1 Refine#11" [stack: 0x0000006751b00000,0x0000006751c00000] [id=32996]
  0x0000020185cfd800 ConcurrentGCThread "G1 Refine#12" [stack: 0x0000006751a00000,0x0000006751b00000] [id=34412]
  0x00000201856d1800 ConcurrentGCThread "G1 Young RemSet Sampling" [stack: 0x0000006752700000,0x0000006752800000] [id=44216]

Threads with active compile tasks:

VM state:not at safepoint (normal execution)

VM Mutex/Monitor currently owned by a thread: None

Heap address: 0x0000000700000000, size: 3072 MB, Compressed Oops mode: Zero based, Oop shift amount: 3
Narrow klass base: 0x0000000000000000, Narrow klass shift: 3
Compressed class space size: 1073741824 Address: 0x00000007c0000000

Heap:
 garbage-first heap   total 214016K, used 108510K [0x0000000700000000, 0x0000000700100688, 0x00000007c0000000)
  region size 1024K, 14 young (14336K), 2 survivors (2048K)
 Metaspace       used 84082K, capacity 89731K, committed 89856K, reserved 1126400K
  class space    used 11775K, capacity 12772K, committed 12800K, reserved 1048576K
Heap Regions: E=young(eden), S=young(survivor), O=old, HS=humongous(starts), HC=humongous(continues), CS=collection set, F=free, A=archive, TS=gc time stamp, AC=allocation context, TAMS=top-at-mark-start (previous, next)
|   0|0x0000000700000000, 0x00000007000fffd0, 0x0000000700100000| 99%| O|  |TS  0|AC  0|TAMS 0x0000000700000000, 0x0000000700000000|
|   1|0x0000000700100000, 0x00000007001fdc90, 0x0000000700200000| 99%| O|  |TS  0|AC  0|TAMS 0x0000000700100000, 0x0000000700100000|
|   2|0x0000000700200000, 0x00000007002fe1c8, 0x0000000700300000| 99%| O|  |TS  0|AC  0|TAMS 0x0000000700200000, 0x0000000700200000|
|   3|0x0000000700300000, 0x00000007003f5f80, 0x0000000700400000| 96%| O|  |TS  0|AC  0|TAMS 0x0000000700300000, 0x0000000700300000|
|   4|0x0000000700400000, 0x0000000700500000, 0x0000000700500000|100%|HS|  |TS  0|AC  0|TAMS 0x0000000700400000, 0x0000000700400000|
|   5|0x0000000700500000, 0x0000000700600000, 0x0000000700600000|100%|HC|  |TS  0|AC  0|TAMS 0x0000000700500000, 0x0000000700500000|
|   6|0x0000000700600000, 0x0000000700700000, 0x0000000700700000|100%|HS|  |TS  0|AC  0|TAMS 0x0000000700600000, 0x0000000700600000|
|   7|0x0000000700700000, 0x00000007007ff2f0, 0x0000000700800000| 99%| O|  |TS  0|AC  0|TAMS 0x0000000700700000, 0x0000000700700000|
|   8|0x0000000700800000, 0x00000007008fffe8, 0x0000000700900000| 99%| O|  |TS  0|AC  0|TAMS 0x0000000700800000, 0x0000000700800000|
|   9|0x0000000700900000, 0x00000007009fff70, 0x0000000700a00000| 99%| O|  |TS  0|AC  0|TAMS 0x0000000700900000, 0x0000000700900000|
|  10|0x0000000700a00000, 0x0000000700afffe8, 0x0000000700b00000| 99%| O|  |TS  0|AC  0|TAMS 0x0000000700a00000, 0x0000000700a00000|
|  11|0x0000000700b00000, 0x0000000700bfffc0, 0x0000000700c00000| 99%| O|  |TS  0|AC  0|TAMS 0x0000000700b00000, 0x0000000700b00000|
|  12|0x0000000700c00000, 0x0000000700cffff8, 0x0000000700d00000| 99%| O|  |TS  0|AC  0|TAMS 0x0000000700c00000, 0x0000000700c00000|
|  13|0x0000000700d00000, 0x0000000700dffff8, 0x0000000700e00000| 99%| O|  |TS  0|AC  0|TAMS 0x0000000700d00000, 0x0000000700d00000|
|  14|0x0000000700e00000, 0x0000000700f00000, 0x0000000700f00000|100%| O|  |TS  0|AC  0|TAMS 0x0000000700e00000, 0x0000000700e00000|
|  15|0x0000000700f00000, 0x0000000700ffa248, 0x0000000701000000| 97%| O|  |TS  0|AC  0|TAMS 0x0000000700f00000, 0x0000000700f00000|
|  16|0x0000000701000000, 0x00000007010ffff8, 0x0000000701100000| 99%| O|  |TS  0|AC  0|TAMS 0x0000000701000000, 0x0000000701000000|
|  17|0x0000000701100000, 0x00000007011ffee0, 0x0000000701200000| 99%| O|  |TS  0|AC  0|TAMS 0x0000000701100000, 0x0000000701100000|
|  18|0x0000000701200000, 0x00000007012ffff8, 0x0000000701300000| 99%| O|  |TS  0|AC  0|TAMS 0x0000000701200000, 0x0000000701200000|
|  19|0x0000000701300000, 0x00000007013fffd8, 0x0000000701400000| 99%| O|  |TS  0|AC  0|TAMS 0x0000000701300000, 0x0000000701300000|
|  20|0x0000000701400000, 0x00000007014ffff0, 0x0000000701500000| 99%| O|  |TS  0|AC  0|TAMS 0x0000000701400000, 0x0000000701400000|
|  21|0x0000000701500000, 0x00000007015fffd8, 0x0000000701600000| 99%| O|  |TS  0|AC  0|TAMS 0x0000000701500000, 0x0000000701500000|
|  22|0x0000000701600000, 0x00000007016ffbc8, 0x0000000701700000| 99%| O|  |TS  0|AC  0|TAMS 0x0000000701600000, 0x0000000701600000|
|  23|0x0000000701700000, 0x0000000701800000, 0x0000000701800000|100%|HS|  |TS  0|AC  0|TAMS 0x0000000701700000, 0x0000000701700000|
|  24|0x0000000701800000, 0x0000000701900000, 0x0000000701900000|100%|HC|  |TS  0|AC  0|TAMS 0x0000000701800000, 0x0000000701800000|
|  25|0x0000000701900000, 0x00000007019fff98, 0x0000000701a00000| 99%| O|  |TS  0|AC  0|TAMS 0x0000000701900000, 0x0000000701900000|
|  26|0x0000000701a00000, 0x0000000701b00000, 0x0000000701b00000|100%| O|  |TS  0|AC  0|TAMS 0x0000000701a00000, 0x0000000701a00000|
|  27|0x0000000701b00000, 0x0000000701c00000, 0x0000000701c00000|100%|HS|  |TS  0|AC  0|TAMS 0x0000000701b00000, 0x0000000701b00000|
|  28|0x0000000701c00000, 0x0000000701cffff8, 0x0000000701d00000| 99%| O|  |TS  0|AC  0|TAMS 0x0000000701c00000, 0x0000000701c00000|
|  29|0x0000000701d00000, 0x0000000701dfffb0, 0x0000000701e00000| 99%| O|  |TS  0|AC  0|TAMS 0x0000000701d00000, 0x0000000701d00000|
|  30|0x0000000701e00000, 0x0000000701efffd0, 0x0000000701f00000| 99%| O|  |TS  0|AC  0|TAMS 0x0000000701e00000, 0x0000000701e00000|
|  31|0x0000000701f00000, 0x0000000701ffffe8, 0x0000000702000000| 99%| O|  |TS  0|AC  0|TAMS 0x0000000701f00000, 0x0000000701f00000|
|  32|0x0000000702000000, 0x00000007020ffff0, 0x0000000702100000| 99%| O|  |TS  0|AC  0|TAMS 0x0000000702000000, 0x0000000702000000|
|  33|0x0000000702100000, 0x00000007021fff00, 0x0000000702200000| 99%| O|  |TS  0|AC  0|TAMS 0x0000000702100000, 0x0000000702100000|
|  34|0x0000000702200000, 0x00000007022ffff8, 0x0000000702300000| 99%| O|  |TS  0|AC  0|TAMS 0x0000000702200000, 0x0000000702200000|
|  35|0x0000000702300000, 0x00000007023fff78, 0x0000000702400000| 99%| O|  |TS  0|AC  0|TAMS 0x0000000702300000, 0x0000000702300000|
|  36|0x0000000702400000, 0x0000000702500000, 0x0000000702500000|100%| O|  |TS  0|AC  0|TAMS 0x0000000702400000, 0x0000000702400000|
|  37|0x0000000702500000, 0x00000007025fff80, 0x0000000702600000| 99%| O|  |TS  0|AC  0|TAMS 0x0000000702500000, 0x0000000702500000|
|  38|0x0000000702600000, 0x00000007026ffce0, 0x0000000702700000| 99%| O|  |TS  0|AC  0|TAMS 0x0000000702600000, 0x0000000702600000|
|  39|0x0000000702700000, 0x00000007027ffff0, 0x0000000702800000| 99%| O|  |TS  0|AC  0|TAMS 0x0000000702700000, 0x0000000702700000|
|  40|0x0000000702800000, 0x00000007028ffed0, 0x0000000702900000| 99%| O|  |TS  0|AC  0|TAMS 0x0000000702800000, 0x0000000702800000|
|  41|0x0000000702900000, 0x00000007029fffa8, 0x0000000702a00000| 99%| O|  |TS  0|AC  0|TAMS 0x0000000702900000, 0x0000000702900000|
|  42|0x0000000702a00000, 0x0000000702afffc8, 0x0000000702b00000| 99%| O|  |TS  0|AC  0|TAMS 0x0000000702a00000, 0x0000000702a00000|
|  43|0x0000000702b00000, 0x0000000702bff960, 0x0000000702c00000| 99%| O|  |TS  0|AC  0|TAMS 0x0000000702b00000, 0x0000000702b00000|
|  44|0x0000000702c00000, 0x0000000702cfffc8, 0x0000000702d00000| 99%| O|  |TS  0|AC  0|TAMS 0x0000000702c00000, 0x0000000702c00000|
|  45|0x0000000702d00000, 0x0000000702dffff8, 0x0000000702e00000| 99%| O|  |TS  0|AC  0|TAMS 0x0000000702d00000, 0x0000000702d00000|
|  46|0x0000000702e00000, 0x0000000702effff0, 0x0000000702f00000| 99%| O|  |TS  0|AC  0|TAMS 0x0000000702e00000, 0x0000000702e00000|
|  47|0x0000000702f00000, 0x0000000702fffd88, 0x0000000703000000| 99%| O|  |TS  0|AC  0|TAMS 0x0000000702f00000, 0x0000000702f00000|
|  48|0x0000000703000000, 0x00000007030ffff0, 0x0000000703100000| 99%| O|  |TS  0|AC  0|TAMS 0x0000000703000000, 0x0000000703000000|
|  49|0x0000000703100000, 0x00000007031ffff8, 0x0000000703200000| 99%| O|  |TS  0|AC  0|TAMS 0x0000000703100000, 0x0000000703100000|
|  50|0x0000000703200000, 0x0000000703300000, 0x0000000703300000|100%|HS|  |TS  0|AC  0|TAMS 0x0000000703200000, 0x0000000703200000|
|  51|0x0000000703300000, 0x0000000703400000, 0x0000000703400000|100%|HS|  |TS  0|AC  0|TAMS 0x0000000703300000, 0x0000000703300000|
|  52|0x0000000703400000, 0x0000000703500000, 0x0000000703500000|100%| O|  |TS  0|AC  0|TAMS 0x0000000703400000, 0x0000000703400000|
|  53|0x0000000703500000, 0x00000007035fff60, 0x0000000703600000| 99%| O|  |TS  0|AC  0|TAMS 0x0000000703500000, 0x0000000703500000|
|  54|0x0000000703600000, 0x00000007036fffe8, 0x0000000703700000| 99%| O|  |TS  0|AC  0|TAMS 0x0000000703600000, 0x0000000703600000|
|  55|0x0000000703700000, 0x00000007037fffe8, 0x0000000703800000| 99%| O|  |TS  0|AC  0|TAMS 0x0000000703700000, 0x0000000703700000|
|  56|0x0000000703800000, 0x00000007038ffe90, 0x0000000703900000| 99%| O|  |TS  0|AC  0|TAMS 0x0000000703800000, 0x0000000703800000|
|  57|0x0000000703900000, 0x0000000703a00000, 0x0000000703a00000|100%|HS|  |TS  0|AC  0|TAMS 0x0000000703900000, 0x0000000703900000|
|  58|0x0000000703a00000, 0x0000000703b00000, 0x0000000703b00000|100%|HC|  |TS  0|AC  0|TAMS 0x0000000703a00000, 0x0000000703a00000|
|  59|0x0000000703b00000, 0x0000000703c00000, 0x0000000703c00000|100%|HC|  |TS  0|AC  0|TAMS 0x0000000703b00000, 0x0000000703b00000|
|  60|0x0000000703c00000, 0x0000000703d00000, 0x0000000703d00000|100%|HC|  |TS  0|AC  0|TAMS 0x0000000703c00000, 0x0000000703c00000|
|  61|0x0000000703d00000, 0x0000000703e00000, 0x0000000703e00000|100%|HC|  |TS  0|AC  0|TAMS 0x0000000703d00000, 0x0000000703d00000|
|  62|0x0000000703e00000, 0x0000000703f00000, 0x0000000703f00000|100%|HC|  |TS  0|AC  0|TAMS 0x0000000703e00000, 0x0000000703e00000|
|  63|0x0000000703f00000, 0x0000000704000000, 0x0000000704000000|100%|HC|  |TS  0|AC  0|TAMS 0x0000000703f00000, 0x0000000703f00000|
|  64|0x0000000704000000, 0x0000000704100000, 0x0000000704100000|100%|HC|  |TS  0|AC  0|TAMS 0x0000000704000000, 0x0000000704000000|
|  65|0x0000000704100000, 0x0000000704200000, 0x0000000704200000|100%|HC|  |TS  0|AC  0|TAMS 0x0000000704100000, 0x0000000704100000|
|  66|0x0000000704200000, 0x0000000704300000, 0x0000000704300000|100%|HC|  |TS  0|AC  0|TAMS 0x0000000704200000, 0x0000000704200000|
|  67|0x0000000704300000, 0x0000000704400000, 0x0000000704400000|100%|HC|  |TS  0|AC  0|TAMS 0x0000000704300000, 0x0000000704300000|
|  68|0x0000000704400000, 0x0000000704500000, 0x0000000704500000|100%|HC|  |TS  0|AC  0|TAMS 0x0000000704400000, 0x0000000704400000|
|  69|0x0000000704500000, 0x0000000704600000, 0x0000000704600000|100%|HC|  |TS  0|AC  0|TAMS 0x0000000704500000, 0x0000000704500000|
|  70|0x0000000704600000, 0x0000000704700000, 0x0000000704700000|100%|HC|  |TS  0|AC  0|TAMS 0x0000000704600000, 0x0000000704600000|
|  71|0x0000000704700000, 0x0000000704800000, 0x0000000704800000|100%|HC|  |TS  0|AC  0|TAMS 0x0000000704700000, 0x0000000704700000|
|  72|0x0000000704800000, 0x0000000704900000, 0x0000000704900000|100%|HS|  |TS  0|AC  0|TAMS 0x0000000704800000, 0x0000000704800000|
|  73|0x0000000704900000, 0x0000000704a00000, 0x0000000704a00000|100%|HC|  |TS  0|AC  0|TAMS 0x0000000704900000, 0x0000000704900000|
|  74|0x0000000704a00000, 0x0000000704b00000, 0x0000000704b00000|100%|HC|  |TS  0|AC  0|TAMS 0x0000000704a00000, 0x0000000704a00000|
|  75|0x0000000704b00000, 0x0000000704c00000, 0x0000000704c00000|100%|HC|  |TS  0|AC  0|TAMS 0x0000000704b00000, 0x0000000704b00000|
|  76|0x0000000704c00000, 0x0000000704d00000, 0x0000000704d00000|100%|HC|  |TS  0|AC  0|TAMS 0x0000000704c00000, 0x0000000704c00000|
|  77|0x0000000704d00000, 0x0000000704e00000, 0x0000000704e00000|100%|HC|  |TS  0|AC  0|TAMS 0x0000000704d00000, 0x0000000704d00000|
|  78|0x0000000704e00000, 0x0000000704f00000, 0x0000000704f00000|100%|HC|  |TS  0|AC  0|TAMS 0x0000000704e00000, 0x0000000704e00000|
|  79|0x0000000704f00000, 0x0000000705000000, 0x0000000705000000|100%|HC|  |TS  0|AC  0|TAMS 0x0000000704f00000, 0x0000000704f00000|
|  80|0x0000000705000000, 0x0000000705100000, 0x0000000705100000|100%|HC|  |TS  0|AC  0|TAMS 0x0000000705000000, 0x0000000705000000|
|  81|0x0000000705100000, 0x0000000705200000, 0x0000000705200000|100%|HC|  |TS  0|AC  0|TAMS 0x0000000705100000, 0x0000000705100000|
|  82|0x0000000705200000, 0x0000000705300000, 0x0000000705300000|100%|HC|  |TS  0|AC  0|TAMS 0x0000000705200000, 0x0000000705200000|
|  83|0x0000000705300000, 0x0000000705400000, 0x0000000705400000|100%|HC|  |TS  0|AC  0|TAMS 0x0000000705300000, 0x0000000705300000|
|  84|0x0000000705400000, 0x0000000705500000, 0x0000000705500000|100%|HC|  |TS  0|AC  0|TAMS 0x0000000705400000, 0x0000000705400000|
|  85|0x0000000705500000, 0x0000000705600000, 0x0000000705600000|100%|HC|  |TS  0|AC  0|TAMS 0x0000000705500000, 0x0000000705500000|
|  86|0x0000000705600000, 0x0000000705700000, 0x0000000705700000|100%|HC|  |TS  0|AC  0|TAMS 0x0000000705600000, 0x0000000705600000|
|  87|0x0000000705700000, 0x0000000705800000, 0x0000000705800000|100%| O|  |TS  0|AC  0|TAMS 0x0000000705700000, 0x0000000705700000|
|  88|0x0000000705800000, 0x00000007058ffff0, 0x0000000705900000| 99%| O|  |TS  0|AC  0|TAMS 0x0000000705800000, 0x0000000705800000|
|  89|0x0000000705900000, 0x0000000705a00000, 0x0000000705a00000|100%| O|  |TS  0|AC  0|TAMS 0x0000000705900000, 0x0000000705900000|
|  90|0x0000000705a00000, 0x0000000705a52b98, 0x0000000705b00000| 32%| O|  |TS  0|AC  0|TAMS 0x0000000705a00000, 0x0000000705a00000|
|  91|0x0000000705b00000, 0x0000000705b00000, 0x0000000705c00000|  0%| F|  |TS  0|AC  0|TAMS 0x0000000705b00000, 0x0000000705b00000|
|  92|0x0000000705c00000, 0x0000000705c00000, 0x0000000705d00000|  0%| F|  |TS  0|AC  0|TAMS 0x0000000705c00000, 0x0000000705c00000|
|  93|0x0000000705d00000, 0x0000000705d00000, 0x0000000705e00000|  0%| F|  |TS  0|AC  0|TAMS 0x0000000705d00000, 0x0000000705d00000|
|  94|0x0000000705e00000, 0x0000000705e00000, 0x0000000705f00000|  0%| F|  |TS  0|AC  0|TAMS 0x0000000705e00000, 0x0000000705e00000|
|  95|0x0000000705f00000, 0x0000000705f00000, 0x0000000706000000|  0%| F|  |TS  0|AC  0|TAMS 0x0000000705f00000, 0x0000000705f00000|
|  96|0x0000000706000000, 0x0000000706000000, 0x0000000706100000|  0%| F|  |TS  0|AC  0|TAMS 0x0000000706000000, 0x0000000706000000|
|  97|0x0000000706100000, 0x0000000706100000, 0x0000000706200000|  0%| F|  |TS  0|AC  0|TAMS 0x0000000706100000, 0x0000000706100000|
|  98|0x0000000706200000, 0x0000000706300000, 0x0000000706300000|100%|HS|  |TS  0|AC  0|TAMS 0x0000000706200000, 0x0000000706200000|
|  99|0x0000000706300000, 0x0000000706400000, 0x0000000706400000|100%|HC|  |TS  0|AC  0|TAMS 0x0000000706300000, 0x0000000706300000|
| 100|0x0000000706400000, 0x0000000706500000, 0x0000000706500000|100%|HC|  |TS  0|AC  0|TAMS 0x0000000706400000, 0x0000000706400000|
| 101|0x0000000706500000, 0x0000000706500000, 0x0000000706600000|  0%| F|  |TS  0|AC  0|TAMS 0x0000000706500000, 0x0000000706500000|
| 102|0x0000000706600000, 0x0000000706600000, 0x0000000706700000|  0%| F|  |TS  0|AC  0|TAMS 0x0000000706600000, 0x0000000706600000|
| 103|0x0000000706700000, 0x0000000706700000, 0x0000000706800000|  0%| F|  |TS  0|AC  0|TAMS 0x0000000706700000, 0x0000000706700000|
| 104|0x0000000706800000, 0x0000000706800000, 0x0000000706900000|  0%| F|  |TS  0|AC  0|TAMS 0x0000000706800000, 0x0000000706800000|
| 105|0x0000000706900000, 0x0000000706900000, 0x0000000706a00000|  0%| F|  |TS  0|AC  0|TAMS 0x0000000706900000, 0x0000000706900000|
| 106|0x0000000706a00000, 0x0000000706a00000, 0x0000000706b00000|  0%| F|  |TS  0|AC  0|TAMS 0x0000000706a00000, 0x0000000706a00000|
| 107|0x0000000706b00000, 0x0000000706b00000, 0x0000000706c00000|  0%| F|  |TS  0|AC  0|TAMS 0x0000000706b00000, 0x0000000706b00000|
| 108|0x0000000706c00000, 0x0000000706c00000, 0x0000000706d00000|  0%| F|  |TS  0|AC  0|TAMS 0x0000000706c00000, 0x0000000706c00000|
| 109|0x0000000706d00000, 0x0000000706d00000, 0x0000000706e00000|  0%| F|  |TS  0|AC  0|TAMS 0x0000000706d00000, 0x0000000706d00000|
| 110|0x0000000706e00000, 0x0000000706e00000, 0x0000000706f00000|  0%| F|  |TS  0|AC  0|TAMS 0x0000000706e00000, 0x0000000706e00000|
| 111|0x0000000706f00000, 0x0000000706f00000, 0x0000000707000000|  0%| F|  |TS  0|AC  0|TAMS 0x0000000706f00000, 0x0000000706f00000|
| 112|0x0000000707000000, 0x0000000707000000, 0x0000000707100000|  0%| F|  |TS  0|AC  0|TAMS 0x0000000707000000, 0x0000000707000000|
| 113|0x0000000707100000, 0x0000000707100000, 0x0000000707200000|  0%| F|  |TS  0|AC  0|TAMS 0x0000000707100000, 0x0000000707100000|
| 114|0x0000000707200000, 0x0000000707200000, 0x0000000707300000|  0%| F|  |TS  0|AC  0|TAMS 0x0000000707200000, 0x0000000707200000|
| 115|0x0000000707300000, 0x0000000707300000, 0x0000000707400000|  0%| F|  |TS  0|AC  0|TAMS 0x0000000707300000, 0x0000000707300000|
| 116|0x0000000707400000, 0x0000000707400000, 0x0000000707500000|  0%| F|  |TS  0|AC  0|TAMS 0x0000000707400000, 0x0000000707400000|
| 117|0x0000000707500000, 0x0000000707500000, 0x0000000707600000|  0%| F|  |TS  0|AC  0|TAMS 0x0000000707500000, 0x0000000707500000|
| 118|0x0000000707600000, 0x0000000707600000, 0x0000000707700000|  0%| F|  |TS  0|AC  0|TAMS 0x0000000707600000, 0x0000000707600000|
| 119|0x0000000707700000, 0x0000000707700000, 0x0000000707800000|  0%| F|  |TS  0|AC  0|TAMS 0x0000000707700000, 0x0000000707700000|
| 120|0x0000000707800000, 0x0000000707800000, 0x0000000707900000|  0%| F|  |TS  0|AC  0|TAMS 0x0000000707800000, 0x0000000707800000|
| 121|0x0000000707900000, 0x0000000707900000, 0x0000000707a00000|  0%| F|  |TS  0|AC  0|TAMS 0x0000000707900000, 0x0000000707900000|
| 122|0x0000000707a00000, 0x0000000707a00000, 0x0000000707b00000|  0%| F|  |TS  0|AC  0|TAMS 0x0000000707a00000, 0x0000000707a00000|
| 123|0x0000000707b00000, 0x0000000707b00000, 0x0000000707c00000|  0%| F|  |TS  0|AC  0|TAMS 0x0000000707b00000, 0x0000000707b00000|
| 124|0x0000000707c00000, 0x0000000707c00000, 0x0000000707d00000|  0%| F|  |TS  0|AC  0|TAMS 0x0000000707c00000, 0x0000000707c00000|
| 125|0x0000000707d00000, 0x0000000707d00000, 0x0000000707e00000|  0%| F|  |TS  0|AC  0|TAMS 0x0000000707d00000, 0x0000000707d00000|
| 126|0x0000000707e00000, 0x0000000707e00000, 0x0000000707f00000|  0%| F|  |TS  0|AC  0|TAMS 0x0000000707e00000, 0x0000000707e00000|
| 127|0x0000000707f00000, 0x0000000707f00000, 0x0000000708000000|  0%| F|  |TS  0|AC  0|TAMS 0x0000000707f00000, 0x0000000707f00000|
| 128|0x0000000708000000, 0x0000000708000000, 0x0000000708100000|  0%| F|  |TS  0|AC  0|TAMS 0x0000000708000000, 0x0000000708000000|
| 129|0x0000000708100000, 0x0000000708100000, 0x0000000708200000|  0%| F|  |TS  0|AC  0|TAMS 0x0000000708100000, 0x0000000708100000|
| 130|0x0000000708200000, 0x0000000708200000, 0x0000000708300000|  0%| F|  |TS  0|AC  0|TAMS 0x0000000708200000, 0x0000000708200000|
| 131|0x0000000708300000, 0x0000000708300000, 0x0000000708400000|  0%| F|  |TS  0|AC  0|TAMS 0x0000000708300000, 0x0000000708300000|
| 132|0x0000000708400000, 0x0000000708400000, 0x0000000708500000|  0%| F|  |TS  0|AC  0|TAMS 0x0000000708400000, 0x0000000708400000|
| 133|0x0000000708500000, 0x0000000708500000, 0x0000000708600000|  0%| F|  |TS  0|AC  0|TAMS 0x0000000708500000, 0x0000000708500000|
| 134|0x0000000708600000, 0x0000000708600000, 0x0000000708700000|  0%| F|  |TS  0|AC  0|TAMS 0x0000000708600000, 0x0000000708600000|
| 135|0x0000000708700000, 0x0000000708700000, 0x0000000708800000|  0%| F|  |TS  0|AC  0|TAMS 0x0000000708700000, 0x0000000708700000|
| 136|0x0000000708800000, 0x0000000708800000, 0x0000000708900000|  0%| F|  |TS  0|AC  0|TAMS 0x0000000708800000, 0x0000000708800000|
| 137|0x0000000708900000, 0x0000000708900000, 0x0000000708a00000|  0%| F|  |TS  0|AC  0|TAMS 0x0000000708900000, 0x0000000708900000|
| 138|0x0000000708a00000, 0x0000000708a00000, 0x0000000708b00000|  0%| F|  |TS  0|AC  0|TAMS 0x0000000708a00000, 0x0000000708a00000|
| 139|0x0000000708b00000, 0x0000000708b00000, 0x0000000708c00000|  0%| F|  |TS  0|AC  0|TAMS 0x0000000708b00000, 0x0000000708b00000|
| 140|0x0000000708c00000, 0x0000000708c00000, 0x0000000708d00000|  0%| F|  |TS  0|AC  0|TAMS 0x0000000708c00000, 0x0000000708c00000|
| 141|0x0000000708d00000, 0x0000000708d00000, 0x0000000708e00000|  0%| F|  |TS  0|AC  0|TAMS 0x0000000708d00000, 0x0000000708d00000|
| 142|0x0000000708e00000, 0x0000000708e00000, 0x0000000708f00000|  0%| F|  |TS  0|AC  0|TAMS 0x0000000708e00000, 0x0000000708e00000|
| 143|0x0000000708f00000, 0x0000000708f00000, 0x0000000709000000|  0%| F|  |TS  0|AC  0|TAMS 0x0000000708f00000, 0x0000000708f00000|
| 144|0x0000000709000000, 0x0000000709000000, 0x0000000709100000|  0%| F|  |TS  0|AC  0|TAMS 0x0000000709000000, 0x0000000709000000|
| 145|0x0000000709100000, 0x0000000709100000, 0x0000000709200000|  0%| F|  |TS  0|AC  0|TAMS 0x0000000709100000, 0x0000000709100000|
| 146|0x0000000709200000, 0x0000000709200000, 0x0000000709300000|  0%| F|  |TS  9|AC  0|TAMS 0x0000000709200000, 0x0000000709200000|
| 147|0x0000000709300000, 0x0000000709300000, 0x0000000709400000|  0%| F|  |TS  7|AC  0|TAMS 0x0000000709300000, 0x0000000709300000|
| 148|0x0000000709400000, 0x00000007094bb810, 0x0000000709500000| 73%| S|CS|TS  9|AC  0|TAMS 0x0000000709400000, 0x0000000709400000|
| 149|0x0000000709500000, 0x0000000709500000, 0x0000000709600000|  0%| F|  |TS  9|AC  0|TAMS 0x0000000709500000, 0x0000000709500000|
| 150|0x0000000709600000, 0x0000000709600000, 0x0000000709700000|  0%| F|  |TS  9|AC  0|TAMS 0x0000000709600000, 0x0000000709600000|
| 151|0x0000000709700000, 0x0000000709800000, 0x0000000709800000|100%| S|CS|TS  9|AC  0|TAMS 0x0000000709700000, 0x0000000709700000|
| 152|0x0000000709800000, 0x0000000709800000, 0x0000000709900000|  0%| F|  |TS  9|AC  0|TAMS 0x0000000709800000, 0x0000000709800000|
| 153|0x0000000709900000, 0x0000000709900000, 0x0000000709a00000|  0%| F|  |TS  9|AC  0|TAMS 0x0000000709900000, 0x0000000709900000|
| 154|0x0000000709a00000, 0x0000000709a00000, 0x0000000709b00000|  0%| F|  |TS  9|AC  0|TAMS 0x0000000709a00000, 0x0000000709a00000|
| 155|0x0000000709b00000, 0x0000000709b00000, 0x0000000709c00000|  0%| F|  |TS  9|AC  0|TAMS 0x0000000709b00000, 0x0000000709b00000|
| 156|0x0000000709c00000, 0x0000000709c00000, 0x0000000709d00000|  0%| F|  |TS  9|AC  0|TAMS 0x0000000709c00000, 0x0000000709c00000|
| 157|0x0000000709d00000, 0x0000000709d00000, 0x0000000709e00000|  0%| F|  |TS  9|AC  0|TAMS 0x0000000709d00000, 0x0000000709d00000|
| 158|0x0000000709e00000, 0x0000000709e00000, 0x0000000709f00000|  0%| F|  |TS  9|AC  0|TAMS 0x0000000709e00000, 0x0000000709e00000|
| 159|0x0000000709f00000, 0x0000000709f00000, 0x000000070a000000|  0%| F|  |TS  9|AC  0|TAMS 0x0000000709f00000, 0x0000000709f00000|
| 160|0x000000070a000000, 0x000000070a000000, 0x000000070a100000|  0%| F|  |TS  9|AC  0|TAMS 0x000000070a000000, 0x000000070a000000|
| 161|0x000000070a100000, 0x000000070a100000, 0x000000070a200000|  0%| F|  |TS  9|AC  0|TAMS 0x000000070a100000, 0x000000070a100000|
| 162|0x000000070a200000, 0x000000070a200000, 0x000000070a300000|  0%| F|  |TS  9|AC  0|TAMS 0x000000070a200000, 0x000000070a200000|
| 163|0x000000070a300000, 0x000000070a300000, 0x000000070a400000|  0%| F|  |TS  9|AC  0|TAMS 0x000000070a300000, 0x000000070a300000|
| 164|0x000000070a400000, 0x000000070a400000, 0x000000070a500000|  0%| F|  |TS  9|AC  0|TAMS 0x000000070a400000, 0x000000070a400000|
| 165|0x000000070a500000, 0x000000070a500000, 0x000000070a600000|  0%| F|  |TS  9|AC  0|TAMS 0x000000070a500000, 0x000000070a500000|
| 166|0x000000070a600000, 0x000000070a600000, 0x000000070a700000|  0%| F|  |TS  9|AC  0|TAMS 0x000000070a600000, 0x000000070a600000|
| 167|0x000000070a700000, 0x000000070a700000, 0x000000070a800000|  0%| F|  |TS  9|AC  0|TAMS 0x000000070a700000, 0x000000070a700000|
| 168|0x000000070a800000, 0x000000070a800000, 0x000000070a900000|  0%| F|  |TS  9|AC  0|TAMS 0x000000070a800000, 0x000000070a800000|
| 169|0x000000070a900000, 0x000000070a900000, 0x000000070aa00000|  0%| F|  |TS  9|AC  0|TAMS 0x000000070a900000, 0x000000070a900000|
| 170|0x000000070aa00000, 0x000000070aa00000, 0x000000070ab00000|  0%| F|  |TS  9|AC  0|TAMS 0x000000070aa00000, 0x000000070aa00000|
| 171|0x000000070ab00000, 0x000000070ab00000, 0x000000070ac00000|  0%| F|  |TS  9|AC  0|TAMS 0x000000070ab00000, 0x000000070ab00000|
| 172|0x000000070ac00000, 0x000000070ac00000, 0x000000070ad00000|  0%| F|  |TS  9|AC  0|TAMS 0x000000070ac00000, 0x000000070ac00000|
| 173|0x000000070ad00000, 0x000000070ad00000, 0x000000070ae00000|  0%| F|  |TS  9|AC  0|TAMS 0x000000070ad00000, 0x000000070ad00000|
| 174|0x000000070ae00000, 0x000000070ae00000, 0x000000070af00000|  0%| F|  |TS  9|AC  0|TAMS 0x000000070ae00000, 0x000000070ae00000|
| 175|0x000000070af00000, 0x000000070af00000, 0x000000070b000000|  0%| F|  |TS  9|AC  0|TAMS 0x000000070af00000, 0x000000070af00000|
| 176|0x000000070b000000, 0x000000070b000000, 0x000000070b100000|  0%| F|  |TS  9|AC  0|TAMS 0x000000070b000000, 0x000000070b000000|
| 177|0x000000070b100000, 0x000000070b100000, 0x000000070b200000|  0%| F|  |TS  9|AC  0|TAMS 0x000000070b100000, 0x000000070b100000|
| 178|0x000000070b200000, 0x000000070b200000, 0x000000070b300000|  0%| F|  |TS  9|AC  0|TAMS 0x000000070b200000, 0x000000070b200000|
| 179|0x000000070b300000, 0x000000070b300000, 0x000000070b400000|  0%| F|  |TS  9|AC  0|TAMS 0x000000070b300000, 0x000000070b300000|
| 180|0x000000070b400000, 0x000000070b400000, 0x000000070b500000|  0%| F|  |TS  9|AC  0|TAMS 0x000000070b400000, 0x000000070b400000|
| 181|0x000000070b500000, 0x000000070b500000, 0x000000070b600000|  0%| F|  |TS  9|AC  0|TAMS 0x000000070b500000, 0x000000070b500000|
| 182|0x000000070b600000, 0x000000070b600000, 0x000000070b700000|  0%| F|  |TS  9|AC  0|TAMS 0x000000070b600000, 0x000000070b600000|
| 183|0x000000070b700000, 0x000000070b700000, 0x000000070b800000|  0%| F|  |TS  9|AC  0|TAMS 0x000000070b700000, 0x000000070b700000|
| 184|0x000000070b800000, 0x000000070b800000, 0x000000070b900000|  0%| F|  |TS  9|AC  0|TAMS 0x000000070b800000, 0x000000070b800000|
| 185|0x000000070b900000, 0x000000070b900000, 0x000000070ba00000|  0%| F|  |TS  9|AC  0|TAMS 0x000000070b900000, 0x000000070b900000|
| 186|0x000000070ba00000, 0x000000070ba00000, 0x000000070bb00000|  0%| F|  |TS  9|AC  0|TAMS 0x000000070ba00000, 0x000000070ba00000|
| 187|0x000000070bb00000, 0x000000070bb00000, 0x000000070bc00000|  0%| F|  |TS  9|AC  0|TAMS 0x000000070bb00000, 0x000000070bb00000|
| 188|0x000000070bc00000, 0x000000070bc00000, 0x000000070bd00000|  0%| F|  |TS  9|AC  0|TAMS 0x000000070bc00000, 0x000000070bc00000|
| 189|0x000000070bd00000, 0x000000070bd00000, 0x000000070be00000|  0%| F|  |TS  9|AC  0|TAMS 0x000000070bd00000, 0x000000070bd00000|
| 190|0x000000070be00000, 0x000000070be00000, 0x000000070bf00000|  0%| F|  |TS  9|AC  0|TAMS 0x000000070be00000, 0x000000070be00000|
| 191|0x000000070bf00000, 0x000000070bf00000, 0x000000070c000000|  0%| F|  |TS  9|AC  0|TAMS 0x000000070bf00000, 0x000000070bf00000|
| 192|0x000000070c000000, 0x000000070c000000, 0x000000070c100000|  0%| F|  |TS  9|AC  0|TAMS 0x000000070c000000, 0x000000070c000000|
| 193|0x000000070c100000, 0x000000070c100000, 0x000000070c200000|  0%| F|  |TS  9|AC  0|TAMS 0x000000070c100000, 0x000000070c100000|
| 194|0x000000070c200000, 0x000000070c200000, 0x000000070c300000|  0%| F|  |TS  9|AC  0|TAMS 0x000000070c200000, 0x000000070c200000|
| 195|0x000000070c300000, 0x000000070c300000, 0x000000070c400000|  0%| F|  |TS  9|AC  0|TAMS 0x000000070c300000, 0x000000070c300000|
| 196|0x000000070c400000, 0x000000070c400000, 0x000000070c500000|  0%| F|  |TS  9|AC  0|TAMS 0x000000070c400000, 0x000000070c400000|
| 197|0x000000070c500000, 0x000000070c5ae9f0, 0x000000070c600000| 68%| E|  |TS  9|AC  0|TAMS 0x000000070c500000, 0x000000070c500000|
| 198|0x000000070c600000, 0x000000070c700000, 0x000000070c700000|100%| E|CS|TS  9|AC  0|TAMS 0x000000070c600000, 0x000000070c600000|
| 199|0x000000070c700000, 0x000000070c800000, 0x000000070c800000|100%| E|CS|TS  9|AC  0|TAMS 0x000000070c700000, 0x000000070c700000|
| 200|0x000000070c800000, 0x000000070c900000, 0x000000070c900000|100%| E|CS|TS  9|AC  0|TAMS 0x000000070c800000, 0x000000070c800000|
| 201|0x000000070c900000, 0x000000070ca00000, 0x000000070ca00000|100%| E|CS|TS  9|AC  0|TAMS 0x000000070c900000, 0x000000070c900000|
| 202|0x000000070ca00000, 0x000000070cb00000, 0x000000070cb00000|100%| E|CS|TS  9|AC  0|TAMS 0x000000070ca00000, 0x000000070ca00000|
| 203|0x000000070cb00000, 0x000000070cc00000, 0x000000070cc00000|100%| E|CS|TS  9|AC  0|TAMS 0x000000070cb00000, 0x000000070cb00000|
| 204|0x000000070cc00000, 0x000000070cd00000, 0x000000070cd00000|100%| E|CS|TS  9|AC  0|TAMS 0x000000070cc00000, 0x000000070cc00000|
| 205|0x000000070cd00000, 0x000000070ce00000, 0x000000070ce00000|100%| E|CS|TS  9|AC  0|TAMS 0x000000070cd00000, 0x000000070cd00000|
| 206|0x000000070ce00000, 0x000000070cf00000, 0x000000070cf00000|100%| E|CS|TS  9|AC  0|TAMS 0x000000070ce00000, 0x000000070ce00000|
| 207|0x000000070cf00000, 0x000000070d000000, 0x000000070d000000|100%| E|CS|TS  9|AC  0|TAMS 0x000000070cf00000, 0x000000070cf00000|
| 208|0x000000070d000000, 0x000000070d100000, 0x000000070d100000|100%| E|CS|TS  9|AC  0|TAMS 0x000000070d000000, 0x000000070d000000|

Card table byte_map: [0x0000020184ac0000,0x00000201850c0000] byte_map_base: 0x00000201812c0000

Marking Bits (Prev, Next): (CMBitMap*) 0x0000020185a47930, (CMBitMap*) 0x0000020185a47968
 Prev Bits: [0x000002019c320000, 0x000002019f320000)
 Next Bits: [0x000002019f320000, 0x00000201a2320000)

Polling page: 0x0000020180190000

CodeHeap 'non-profiled nmethods': size=119168Kb used=17487Kb max_used=17658Kb free=101680Kb
 bounds [0x00000201948c0000, 0x0000020195a10000, 0x000002019bd20000]
CodeHeap 'profiled nmethods': size=119168Kb used=41123Kb max_used=42707Kb free=78044Kb
 bounds [0x000002018d460000, 0x000002018fe40000, 0x00000201948c0000]
CodeHeap 'non-nmethods': size=7424Kb used=3459Kb max_used=3505Kb free=3964Kb
 bounds [0x000002018cd20000, 0x000002018d0a0000, 0x000002018d460000]
 total_blobs=27518 nmethods=15934 adapters=1097
 compilation: enabled

Compilation events (10 events):
Event: 191.394 Thread 0x00000201836ad000 19175       3       ui.views.waveform.executive.protobuf.WVPrefs$WVColorPrefs::getColoredObjects (14 bytes)
Event: 191.394 Thread 0x00000201836ae000 nmethod 19174 0x000002018dab1d90 code [0x000002018dab1f40, 0x000002018dab20d0]
Event: 191.394 Thread 0x00000201836ad000 nmethod 19175 0x000002018daf2c10 code [0x000002018daf2de0, 0x000002018daf30f0]
Event: 191.394 Thread 0x0000020180ae2000 nmethod 19173 0x000002018daf4290 code [0x000002018daf4460, 0x000002018daf46b0]
Event: 191.394 Thread 0x0000020180ae2000 19176       3       ui.views.waveform.executive.protobuf.WVPrefs$WVColoredObject::isInitialized (81 bytes)
Event: 191.394 Thread 0x00000201836af000 nmethod 19172 0x000002018db39090 code [0x000002018db39260, 0x000002018db39530]
Event: 191.394 Thread 0x00000201836af000 19177       3       ui.views.waveform.executive.protobuf.WVPrefs$WVColoredObject::hasDescription (16 bytes)
Event: 191.394 Thread 0x00000201836af000 nmethod 19177 0x000002018dab1990 code [0x000002018dab1b40, 0x000002018dab1cf8]
Event: 191.394 Thread 0x0000020180ae2000 nmethod 19176 0x000002018de09410 code [0x000002018de09600, 0x000002018de09e18]
Event: 191.394 Thread 0x0000020180767000 nmethod 19178 0x0000020195120990 code [0x0000020195120b40, 0x0000020195120c98]

GC Heap History (10 events):
Event: 182.928 GC heap before
{Heap before GC invocations=75 (full 3):
 garbage-first heap   total 214016K, used 156912K [0x0000000700000000, 0x0000000700100688, 0x00000007c0000000)
  region size 1024K, 60 young (61440K), 0 survivors (0K)
 Metaspace       used 82125K, capacity 87013K, committed 87168K, reserved 1124352K
  class space    used 11503K, capacity 12359K, committed 12416K, reserved 1048576K
}
Event: 182.931 GC heap after
{Heap after GC invocations=76 (full 3):
 garbage-first heap   total 214016K, used 96027K [0x0000000700000000, 0x0000000700100688, 0x00000007c0000000)
  region size 1024K, 1 young (1024K), 1 survivors (1024K)
 Metaspace       used 82125K, capacity 87013K, committed 87168K, reserved 1124352K
  class space    used 11503K, capacity 12359K, committed 12416K, reserved 1048576K
}
Event: 184.524 GC heap before
{Heap before GC invocations=76 (full 3):
 garbage-first heap   total 214016K, used 156443K [0x0000000700000000, 0x0000000700100688, 0x00000007c0000000)
  region size 1024K, 60 young (61440K), 1 survivors (1024K)
 Metaspace       used 82472K, capacity 87769K, committed 88064K, reserved 1124352K
  class space    used 11580K, capacity 12489K, committed 12544K, reserved 1048576K
}
Event: 184.526 GC heap after
{Heap after GC invocations=77 (full 3):
 garbage-first heap   total 214016K, used 96385K [0x0000000700000000, 0x0000000700100688, 0x00000007c0000000)
  region size 1024K, 1 young (1024K), 1 survivors (1024K)
 Metaspace       used 82472K, capacity 87769K, committed 88064K, reserved 1124352K
  class space    used 11580K, capacity 12489K, committed 12544K, reserved 1048576K
}
Event: 186.851 GC heap before
{Heap before GC invocations=77 (full 3):
 garbage-first heap   total 214016K, used 156801K [0x0000000700000000, 0x0000000700100688, 0x00000007c0000000)
  region size 1024K, 60 young (61440K), 1 survivors (1024K)
 Metaspace       used 82733K, capacity 88165K, committed 88448K, reserved 1124352K
  class space    used 11616K, capacity 12547K, committed 12672K, reserved 1048576K
}
Event: 186.856 GC heap after
{Heap after GC invocations=78 (full 3):
 garbage-first heap   total 214016K, used 96995K [0x0000000700000000, 0x0000000700100688, 0x00000007c0000000)
  region size 1024K, 2 young (2048K), 2 survivors (2048K)
 Metaspace       used 82733K, capacity 88165K, committed 88448K, reserved 1124352K
  class space    used 11616K, capacity 12547K, committed 12672K, reserved 1048576K
}
Event: 189.213 GC heap before
{Heap before GC invocations=78 (full 3):
 garbage-first heap   total 214016K, used 156387K [0x0000000700000000, 0x0000000700100688, 0x00000007c0000000)
  region size 1024K, 60 young (61440K), 2 survivors (2048K)
 Metaspace       used 84009K, capacity 89687K, committed 89856K, reserved 1126400K
  class space    used 11766K, capacity 12740K, committed 12800K, reserved 1048576K
}
Event: 189.215 GC heap after
{Heap after GC invocations=79 (full 3):
 garbage-first heap   total 214016K, used 97845K [0x0000000700000000, 0x0000000700100688, 0x00000007c0000000)
  region size 1024K, 3 young (3072K), 3 survivors (3072K)
 Metaspace       used 84009K, capacity 89687K, committed 89856K, reserved 1126400K
  class space    used 11766K, capacity 12740K, committed 12800K, reserved 1048576K
}
Event: 189.550 GC heap before
{Heap before GC invocations=79 (full 3):
 garbage-first heap   total 214016K, used 156213K [0x0000000700000000, 0x0000000700100688, 0x00000007c0000000)
  region size 1024K, 60 young (61440K), 3 survivors (3072K)
 Metaspace       used 84021K, capacity 89687K, committed 89856K, reserved 1126400K
  class space    used 11766K, capacity 12740K, committed 12800K, reserved 1048576K
}
Event: 189.552 GC heap after
{Heap after GC invocations=80 (full 3):
 garbage-first heap   total 214016K, used 97246K [0x0000000700000000, 0x0000000700100688, 0x00000007c0000000)
  region size 1024K, 2 young (2048K), 2 survivors (2048K)
 Metaspace       used 84021K, capacity 89687K, committed 89856K, reserved 1126400K
  class space    used 11766K, capacity 12740K, committed 12800K, reserved 1048576K
}

Deoptimization events (10 events):
Event: 188.666 Thread 0x00000201fde64800 Uncommon trap: reason=speculate_class_check action=maybe_recompile pc=0x00000201959b9f80 method=com.jidesoft.grid.StyledTableCellRenderer.getTableCellRendererComponent(Ljavax/swing/JTable;Ljava/lang/Object;ZZII)Ljava/awt/Component; @ 19 c2
Event: 188.666 Thread 0x00000201fde64800 Uncommon trap: reason=class_check action=maybe_recompile pc=0x0000020194b516d0 method=com.jidesoft.grid.JideTable.prepareRenderer(Ljavax/swing/table/TableCellRenderer;II)Ljava/awt/Component; @ 148 c2
Event: 188.666 Thread 0x00000201fde64800 Uncommon trap: reason=speculate_class_check action=maybe_recompile pc=0x00000201959fc4e4 method=ui.utils.k.j.a.j.getTableCellRendererComponent(Ljavax/swing/JTable;Ljava/lang/Object;ZZII)Ljava/awt/Component; @ 112 c2
Event: 188.666 Thread 0x00000201fde64800 Uncommon trap: reason=speculate_class_check action=maybe_recompile pc=0x00000201959b9f80 method=com.jidesoft.grid.StyledTableCellRenderer.getTableCellRendererComponent(Ljavax/swing/JTable;Ljava/lang/Object;ZZII)Ljava/awt/Component; @ 19 c2
Event: 188.679 Thread 0x00000201fde64800 Uncommon trap: reason=class_check action=maybe_recompile pc=0x00000201954ce86c method=sun.awt.image.OffScreenImageSource.sendPixels()V @ 327 c2
Event: 188.708 Thread 0x00000201fde64800 Uncommon trap: reason=class_check action=maybe_recompile pc=0x0000020194b516d0 method=com.jidesoft.grid.JideTable.prepareRenderer(Ljavax/swing/table/TableCellRenderer;II)Ljava/awt/Component; @ 148 c2
Event: 188.708 Thread 0x00000201fde64800 Uncommon trap: reason=speculate_class_check action=maybe_recompile pc=0x00000201959fc4e4 method=ui.utils.k.j.a.j.getTableCellRendererComponent(Ljavax/swing/JTable;Ljava/lang/Object;ZZII)Ljava/awt/Component; @ 112 c2
Event: 188.708 Thread 0x00000201fde64800 Uncommon trap: reason=speculate_class_check action=maybe_recompile pc=0x00000201959b9f80 method=com.jidesoft.grid.StyledTableCellRenderer.getTableCellRendererComponent(Ljavax/swing/JTable;Ljava/lang/Object;ZZII)Ljava/awt/Component; @ 19 c2
Event: 190.407 Thread 0x00000201fde64800 Uncommon trap: reason=unstable_if action=reinterpret pc=0x0000020194b50b48 method=javax.swing.JTable.getSelectedRows()[I @ 22 c2
Event: 190.409 Thread 0x00000201fde64800 Uncommon trap: reason=class_check action=maybe_recompile pc=0x00000201958b1f54 method=javax.swing.AbstractButton.setEnabled(Z)V @ 21 c2

Classes redefined (0 events):
No events

Internal exceptions (10 events):
Event: 184.596 Thread 0x00000201fde64800 Exception <a 'java/lang/NoSuchMethodError'{0x000000070bae1e98}: java.lang.invoke.DirectMethodHandle$Holder.invokeSpecial(Ljava/lang/Object;Ljava/lang/Object;ILjava/lang/Object;)V> (0x000000070bae1e98) thrown at [t:/workspace/hotspot/src/share/vm/interpret
Event: 184.596 Thread 0x00000201fde64800 Exception <a 'java/lang/NoSuchMethodError'{0x000000070bae77c0}: java.lang.invoke.DirectMethodHandle$Holder.invokeStatic(Ljava/lang/Object;Ljava/lang/Object;ILjava/lang/Object;)Ljava/lang/Object;> (0x000000070bae77c0) thrown at [t:/workspace/hotspot/src/sh
Event: 188.683 Thread 0x00000201fde64800 Exception <a 'java/lang/NoSuchMethodError'{0x000000070a8fbec0}: java.lang.invoke.DirectMethodHandle$Holder.invokeSpecial(Ljava/lang/Object;Ljava/lang/Object;Ljava/lang/Object;IILjava/lang/Object;Ljava/lang/Object;Ljava/lang/Object;Ljava/lang/Object;Ljava/
Event: 188.684 Thread 0x00000201fde64800 Exception <a 'java/lang/NoSuchMethodError'{0x000000070a701c78}: java.lang.invoke.DelegatingMethodHandle$Holder.reinvoke_L(Ljava/lang/Object;Ljava/lang/Object;IILjava/lang/Object;Ljava/lang/Object;Ljava/lang/Object;Ljava/lang/Object;Ljava/lang/Object;Ljava
Event: 188.686 Thread 0x00000201fde64800 Exception <a 'java/lang/NoSuchMethodError'{0x000000070a777ad0}: java.lang.invoke.DirectMethodHandle$Holder.invokeSpecial(Ljava/lang/Object;Ljava/lang/Object;IIILjava/lang/Object;Ljava/lang/Object;Ljava/lang/Object;Ljava/lang/Object;Ljava/lang/Object;Ljava
Event: 188.686 Thread 0x00000201fde64800 Exception <a 'java/lang/NoSuchMethodError'{0x000000070a77b958}: java.lang.invoke.DelegatingMethodHandle$Holder.reinvoke_L(Ljava/lang/Object;IIILjava/lang/Object;Ljava/lang/Object;Ljava/lang/Object;Ljava/lang/Object;Ljava/lang/Object;Ljava/lang/Object;)Lja
Event: 188.687 Thread 0x00000201fde64800 Exception <a 'java/lang/NoSuchMethodError'{0x000000070a7ab478}: java.lang.invoke.DirectMethodHandle$Holder.invokeStatic(Ljava/lang/Object;Ljava/lang/Object;Ljava/lang/Object;Ljava/lang/Object;Ljava/lang/Object;IILjava/lang/Object;Ljava/lang/Object;Ljava/l
Event: 188.687 Thread 0x00000201fde64800 Exception <a 'java/lang/NoSuchMethodError'{0x000000070a7c8300}: method resolution failed> (0x000000070a7c8300) thrown at [t:/workspace/hotspot/src/share/vm/prims/methodHandles.cpp, line 1256]
Event: 188.688 Thread 0x00000201fde64800 Exception <a 'java/lang/NoSuchMethodError'{0x000000070a7e6880}: method resolution failed> (0x000000070a7e6880) thrown at [t:/workspace/hotspot/src/share/vm/prims/methodHandles.cpp, line 1256]
Event: 189.190 Thread 0x00000201fde64800 Exception <a 'java/lang/NoSuchMethodError'{0x000000070a2ee078}: method resolution failed> (0x000000070a2ee078) thrown at [t:/workspace/hotspot/src/share/vm/prims/methodHandles.cpp, line 1256]

Events (10 events):
Event: 190.407 Thread 0x00000201fde64800 DEOPT UNPACKING pc=0x000002018cd6da29 sp=0x00000067584f6b80 mode 2
Event: 190.407 loading class com/jidesoft/grid/TableUtils$ColumnSelectionRow
Event: 190.407 loading class com/jidesoft/grid/TableUtils$ColumnSelectionRow done
Event: 190.409 Thread 0x00000201fde64800 Uncommon trap: trap_request=0xffffffde fr.pc=0x00000201958b1f54 relative=0x0000000000000114
Event: 190.409 Thread 0x00000201fde64800 DEOPT PACKING pc=0x00000201958b1f54 sp=0x00000067584f6d90
Event: 190.409 Thread 0x00000201fde64800 DEOPT UNPACKING pc=0x000002018cd6da29 sp=0x00000067584f6cc0 mode 2
Event: 190.587 loading class java/util/IdentityHashMap$1
Event: 190.588 loading class java/util/IdentityHashMap$1 done
Event: 190.699 Thread 0x00000201ad172800 Thread added: 0x00000201ad172800
Event: 190.702 Thread 0x00000201ad172800 Thread exited: 0x00000201ad172800


Dynamic libraries:
0x00007ff632630000 - 0x00007ff632660000 	D:\Xilinx\Vivado\2019.2\bin\unwrapped\win64.o\vivado.exe
0x00007ffd75950000 - 0x00007ffd75ba5000 	C:\WINDOWS\SYSTEM32\ntdll.dll
0x00007ffd742f0000 - 0x00007ffd743b7000 	C:\WINDOWS\System32\KERNEL32.DLL
0x00007ffd72ef0000 - 0x00007ffd73290000 	C:\WINDOWS\System32\KERNELBASE.dll
0x00007ffd72da0000 - 0x00007ffd72eea000 	C:\WINDOWS\System32\ucrtbase.dll
0x00007ffd40930000 - 0x00007ffd409b9000 	C:\WINDOWS\SYSTEM32\MSVCP140.dll
0x00007ffd6d650000 - 0x00007ffd6d664000 	D:\Xilinx\Vivado\2019.2\lib\win64.o\libboost_signals.dll
0x00007ffd555e0000 - 0x00007ffd555fe000 	C:\WINDOWS\SYSTEM32\VCRUNTIME140.dll
0x00007ffd6d630000 - 0x00007ffd6d646000 	D:\Xilinx\Vivado\2019.2\lib\win64.o\librdi_commonmain.dll
0x00007ffcb4d70000 - 0x00007ffcb5cb3000 	D:\Xilinx\Vivado\2019.2\lib\win64.o\librdi_common.dll
0x00007ffd55600000 - 0x00007ffd5560c000 	C:\WINDOWS\SYSTEM32\VCRUNTIME140_1.dll
0x00007ffd75660000 - 0x00007ffd7581f000 	C:\WINDOWS\System32\USER32.dll
0x00007ffd737e0000 - 0x00007ffd73807000 	C:\WINDOWS\System32\win32u.dll
0x00007ffd74bd0000 - 0x00007ffd74bfa000 	C:\WINDOWS\System32\GDI32.dll
0x00007ffd73560000 - 0x00007ffd73681000 	C:\WINDOWS\System32\gdi32full.dll
0x00007ffd73690000 - 0x00007ffd73733000 	C:\WINDOWS\System32\msvcp_win.dll
0x00007ffd6a720000 - 0x00007ffd6a746000 	D:\Xilinx\Vivado\2019.2\lib\win64.o\libboost_filesystem.dll
0x00007ffd6d5e0000 - 0x00007ffd6d5ea000 	D:\Xilinx\Vivado\2019.2\lib\win64.o\librdi_commonversion.dll
0x00007ffd74230000 - 0x00007ffd742e2000 	C:\WINDOWS\System32\ADVAPI32.dll
0x00007ffd744e0000 - 0x00007ffd74bc6000 	C:\WINDOWS\System32\SHELL32.dll
0x00007ffd74c00000 - 0x00007ffd74ca9000 	C:\WINDOWS\System32\msvcrt.dll
0x00007ffd4a180000 - 0x00007ffd4a321000 	D:\Xilinx\Vivado\2019.2\lib\win64.o\librdi_commonxillic.dll
0x00007ffd74ef0000 - 0x00007ffd74f64000 	C:\WINDOWS\System32\WS2_32.dll
0x00007ffd73810000 - 0x00007ffd738b6000 	C:\WINDOWS\System32\sechost.dll
0x00007ffd743c0000 - 0x00007ffd744d9000 	C:\WINDOWS\System32\RPCRT4.dll
0x0000000072080000 - 0x00000000721ab000 	D:\Xilinx\Vivado\2019.2\lib\win64.o\tcl85t.dll
0x00007ffcb4a00000 - 0x00007ffcb4d6e000 	D:\Xilinx\Vivado\2019.2\lib\win64.o\libCOIN-all.dll
0x00007ffd6a5b0000 - 0x00007ffd6a5c4000 	D:\Xilinx\Vivado\2019.2\lib\win64.o\libboost_date_time.dll
0x00007ffd5d360000 - 0x00007ffd5d474000 	D:\Xilinx\Vivado\2019.2\lib\win64.o\libboost_regex.dll
0x00007ffd58c10000 - 0x00007ffd58c8f000 	D:\Xilinx\Vivado\2019.2\lib\win64.o\libboost_program_options.dll
0x00007ffd6d5d0000 - 0x00007ffd6d5db000 	D:\Xilinx\Vivado\2019.2\lib\win64.o\libboost_system.dll
0x00007ffd5ceb0000 - 0x00007ffd5ced1000 	D:\Xilinx\Vivado\2019.2\lib\win64.o\libboost_thread.dll
0x00007ffd6c570000 - 0x00007ffd6c57f000 	D:\Xilinx\Vivado\2019.2\lib\win64.o\libboost_xilinx.dll
0x00007ffd503f0000 - 0x00007ffd50472000 	D:\Xilinx\Vivado\2019.2\lib\win64.o\libhdlpsolve.dll
0x00007ffd440e0000 - 0x00007ffd44185000 	D:\Xilinx\Vivado\2019.2\lib\win64.o\libhdxml.dll
0x00007ffcb33c0000 - 0x00007ffcb3fbc200 	D:\Xilinx\Vivado\2019.2\lib\win64.o\libisl_iostreams.dll
0x00007ffd5c750000 - 0x00007ffd5c77e000 	D:\Xilinx\Vivado\2019.2\lib\win64.o\libisl_sysinfo.dll
0x00007ffd58ba0000 - 0x00007ffd58c05000 	D:\Xilinx\Vivado\2019.2\lib\win64.o\liblmx6.0.dll
0x00007ffd5e830000 - 0x00007ffd5e84a000 	D:\Xilinx\Vivado\2019.2\lib\win64.o\pthreadVC2.dll
0x00007ffd5d340000 - 0x00007ffd5d35c000 	D:\Xilinx\Vivado\2019.2\lib\win64.o\librdiconfig.dll
0x00007ffd503c0000 - 0x00007ffd503e1000 	D:\Xilinx\Vivado\2019.2\lib\win64.o\librdizlib.dll
0x0000000012000000 - 0x0000000012270000 	D:\Xilinx\Vivado\2019.2\lib\win64.o\xerces-c_3_1.dll
0x00007ffd54d60000 - 0x00007ffd54d7a000 	C:\WINDOWS\SYSTEM32\NETAPI32.dll
0x00007ffd515b0000 - 0x00007ffd5182a000 	C:\WINDOWS\SYSTEM32\WININET.dll
0x00007ffd6b0c0000 - 0x00007ffd6b1dd000 	C:\WINDOWS\SYSTEM32\WINHTTP.dll
0x00007ffd5e650000 - 0x00007ffd5e828000 	C:\WINDOWS\SYSTEM32\urlmon.dll
0x00007ffcb4720000 - 0x00007ffcb49fb000 	D:\Xilinx\Vivado\2019.2\lib\win64.o\libXil_lmgr11.dll
0x00007ffd75570000 - 0x00007ffd75656000 	C:\WINDOWS\System32\COMDLG32.dll
0x00007ffd75050000 - 0x00007ffd753c5000 	C:\WINDOWS\System32\combase.dll
0x00007ffd4f4c0000 - 0x00007ffd4f4ca000 	C:\WINDOWS\SYSTEM32\WSOCK32.dll
0x00007ffd75830000 - 0x00007ffd75903000 	C:\WINDOWS\System32\shcore.dll
0x00007ffd738c0000 - 0x00007ffd7391d000 	C:\WINDOWS\System32\SHLWAPI.dll
0x00007ffcb2520000 - 0x00007ffcb33b1000 	D:\Xilinx\Vivado\2019.2\lib\win64.o\gurobi65.dll
0x00007ffd4c5b0000 - 0x00007ffd4c5e0000 	C:\WINDOWS\SYSTEM32\VCOMP140.DLL
0x00007ffd72650000 - 0x00007ffd72676000 	C:\WINDOWS\SYSTEM32\bcrypt.dll
0x00007ffd74f70000 - 0x00007ffd75046000 	C:\WINDOWS\System32\OLEAUT32.dll
0x00007ffd753d0000 - 0x00007ffd75565000 	C:\WINDOWS\System32\ole32.dll
0x00007ffd73360000 - 0x00007ffd733d8000 	C:\WINDOWS\System32\WINTRUST.dll
0x00007ffd733e0000 - 0x00007ffd73556000 	C:\WINDOWS\System32\CRYPT32.dll
0x00007ffd61fe0000 - 0x00007ffd61fed000 	D:\Xilinx\Vivado\2019.2\lib\win64.o\libboost_chrono.dll
0x00007ffd5d310000 - 0x00007ffd5d32b000 	D:\Xilinx\Vivado\2019.2\lib\win64.o\libboost_iostreams.dll
0x00007ffd4be20000 - 0x00007ffd4be45000 	D:\Xilinx\Vivado\2019.2\lib\win64.o\libisl_iosutils.dll
0x00007ffd5e380000 - 0x00007ffd5e640000 	C:\WINDOWS\SYSTEM32\iertutil.dll
0x00007ffd58230000 - 0x00007ffd582e4000 	C:\WINDOWS\WinSxS\amd64_microsoft.windows.common-controls_6595b64144ccf1df_5.82.26100.1_none_2e9065395f176171\COMCTL32.dll
0x00007ffd6ada0000 - 0x00007ffd6adc2000 	C:\WINDOWS\SYSTEM32\dhcpcsvc.DLL
0x00007ffd714f0000 - 0x00007ffd714fd000 	C:\WINDOWS\SYSTEM32\NETUTILS.DLL
0x00007ffd74cb0000 - 0x00007ffd74cdf000 	C:\WINDOWS\System32\IMM32.DLL
0x00007ffd72480000 - 0x00007ffd72493000 	C:\WINDOWS\SYSTEM32\MSASN1.dll
0x00007ffd71ca0000 - 0x00007ffd71cba000 	C:\WINDOWS\SYSTEM32\kernel.appcore.dll
0x00007ffcb4200000 - 0x00007ffcb4717000 	D:\Xilinx\Vivado\2019.2\lib\win64.o\librdi_commontasks.dll
0x00007ffd72790000 - 0x00007ffd7279b000 	C:\WINDOWS\SYSTEM32\VERSION.dll
0x00007ffcb2230000 - 0x00007ffcb2513000 	D:\Xilinx\Vivado\2019.2\lib\win64.o\librdi_sio.dll
0x0000000071650000 - 0x0000000072075000 	D:\Xilinx\Vivado\2019.2\tps\win64\jre9.0.4\bin\server\jvm.dll
0x00007ffd74ee0000 - 0x00007ffd74ee8000 	C:\WINDOWS\System32\PSAPI.DLL
0x00007ffd727e0000 - 0x00007ffd72810000 	C:\WINDOWS\SYSTEM32\IPHLPAPI.DLL
0x00007ffd686d0000 - 0x00007ffd68706000 	C:\WINDOWS\SYSTEM32\WINMM.dll
0x00007ffd72170000 - 0x00007ffd721d8000 	C:\WINDOWS\SYSTEM32\MSWSOCK.DLL
0x00007ffd36800000 - 0x00007ffd368ef000 	C:\WINDOWS\SYSTEM32\MSVCR120.dll
0x00007ffd70b60000 - 0x00007ffd7138b000 	C:\WINDOWS\SYSTEM32\windows.storage.dll
0x00007ffcafae0000 - 0x00007ffcb2225000 	D:\Xilinx\Vivado\2019.2\lib\win64.o\librdi_tcltasks.dll
0x00007ffd14be0000 - 0x00007ffd14d7d000 	D:\Xilinx\Vivado\2019.2\lib\win64.o\librdi_board.dll
0x00007ffd43fa0000 - 0x00007ffd4401b000 	D:\Xilinx\Vivado\2019.2\lib\win64.o\librdi_boarddep.dll
0x00007ffcc2b90000 - 0x00007ffcc2ce2000 	D:\Xilinx\Vivado\2019.2\lib\win64.o\librdi_cd_client.dll
0x00007ffcaf620000 - 0x00007ffcafad4000 	D:\Xilinx\Vivado\2019.2\lib\win64.o\librdi_bitstream.dll
0x00007ffd11ff0000 - 0x00007ffd120df000 	D:\Xilinx\Vivado\2019.2\lib\win64.o\librdi_chipscope.dll
0x00007ffcaf460000 - 0x00007ffcaf620000 	D:\Xilinx\Vivado\2019.2\lib\win64.o\librdi_chipscopeimpl.dll
0x00007ffcad650000 - 0x00007ffcad974000 	D:\Xilinx\Vivado\2019.2\lib\win64.o\librdi_containers.dll
0x00007ffcaaf80000 - 0x00007ffcab659000 	D:\Xilinx\Vivado\2019.2\lib\win64.o\librdi_coregenipxact.dll
0x00007ffcad980000 - 0x00007ffcaf45a000 	D:\Xilinx\Vivado\2019.2\lib\win64.o\librdi_constraints.dll
0x00007ffcab660000 - 0x00007ffcad650000 	D:\Xilinx\Vivado\2019.2\lib\win64.o\librdi_coregen.dll
0x00007ffca6cb0000 - 0x00007ffcaaf7b000 	D:\Xilinx\Vivado\2019.2\lib\win64.o\librdi_designutils.dll
0x00007ffc91db0000 - 0x00007ffc920fa000 	D:\Xilinx\Vivado\2019.2\lib\win64.o\librdi_dlyest.dll
0x00007ffcf9100000 - 0x00007ffcf91c4000 	D:\Xilinx\Vivado\2019.2\lib\win64.o\librdi_dsp.dll
0x00007ffc917e0000 - 0x00007ffc91dad000 	D:\Xilinx\Vivado\2019.2\lib\win64.o\librdi_drc.dll
0x00007ffc90e60000 - 0x00007ffc91170000 	D:\Xilinx\Vivado\2019.2\lib\win64.o\librdi_guitools.dll
0x00007ffd408c0000 - 0x00007ffd4092a000 	D:\Xilinx\Vivado\2019.2\lib\win64.o\librdi_hdf.dll
0x00007ffc91170000 - 0x00007ffc917db000 	D:\Xilinx\Vivado\2019.2\lib\win64.o\librdi_filemgmt.dll
0x00007ffc90c40000 - 0x00007ffc90e60000 	D:\Xilinx\Vivado\2019.2\lib\win64.o\librdi_hip_devdesign.dll
0x00007ffc92100000 - 0x00007ffca6cab000 	D:\Xilinx\Vivado\2019.2\lib\win64.o\librdi_device.dll
0x00007ffcc2a40000 - 0x00007ffcc2b88000 	D:\Xilinx\Vivado\2019.2\lib\win64.o\librdi_hip_perf_analysis.dll
0x00007ffc8ee90000 - 0x00007ffc8f4c1000 	D:\Xilinx\Vivado\2019.2\lib\win64.o\librdi_memdata.dll
0x00007ffcca930000 - 0x00007ffcca9a4000 	D:\Xilinx\Vivado\2019.2\lib\win64.o\librdi_memoryarray.dll
0x00007ffd4ba60000 - 0x00007ffd4baac000 	D:\Xilinx\Vivado\2019.2\lib\win64.o\librdi_pfi.dll
0x00007ffc8f4d0000 - 0x00007ffc90c3d000 	D:\Xilinx\Vivado\2019.2\lib\win64.o\librdi_implflow.dll
0x00007ffc8b9d0000 - 0x00007ffc8c0b3000 	D:\Xilinx\Vivado\2019.2\lib\win64.o\librdi_netlist.dll
0x00007ffc88de0000 - 0x00007ffc890fb000 	D:\Xilinx\Vivado\2019.2\lib\win64.o\librdi_platform.dll
0x00007ffc885d0000 - 0x00007ffc88ddb000 	D:\Xilinx\Vivado\2019.2\lib\win64.o\librdi_power.dll
0x00007ffc88010000 - 0x00007ffc885ca000 	D:\Xilinx\Vivado\2019.2\lib\win64.o\librdi_project.dll
0x00007ffc878d0000 - 0x00007ffc88003000 	D:\Xilinx\Vivado\2019.2\lib\win64.o\librdi_psta.dll
0x00007ffc87200000 - 0x00007ffc878c1000 	D:\Xilinx\Vivado\2019.2\lib\win64.o\librdi_rsb.dll
0x00007ffcb6e20000 - 0x00007ffcb6f28000 	D:\Xilinx\Vivado\2019.2\lib\win64.o\librdi_runsbase.dll
0x00007ffc86dd0000 - 0x00007ffc871f3000 	D:\Xilinx\Vivado\2019.2\lib\win64.o\librdi_runs.dll
0x00007ffc89100000 - 0x00007ffc8b9c7000 	D:\Xilinx\Vivado\2019.2\lib\win64.o\librdi_place.dll
0x00007ffc86b50000 - 0x00007ffc86dc5000 	D:\Xilinx\Vivado\2019.2\lib\win64.o\librdi_simdata.dll
0x00007ffc85b20000 - 0x00007ffc85cc0000 	D:\Xilinx\Vivado\2019.2\lib\win64.o\librdi_cd_protocol.dll
0x00007ffc85970000 - 0x00007ffc85b11000 	D:\Xilinx\Vivado\2019.2\lib\win64.o\librdi_advchipscopeimpl.dll
0x00007ffc8c0c0000 - 0x00007ffc8ee8b000 	D:\Xilinx\Vivado\2019.2\lib\win64.o\librdi_mig.dll
0x00007ffc85cc0000 - 0x00007ffc86b4d000 	D:\Xilinx\Vivado\2019.2\lib\win64.o\librdi_timing.dll
0x00007ffd456c0000 - 0x00007ffd4570c000 	D:\Xilinx\Vivado\2019.2\lib\win64.o\libboost_serialization.dll
0x00007ffcb4120000 - 0x00007ffcb41f7000 	D:\Xilinx\Vivado\2019.2\lib\win64.o\librdi_ipconfig_readwrite.dll
0x00007ffd45520000 - 0x00007ffd4556a000 	D:\Xilinx\Vivado\2019.2\lib\win64.o\librdi_noc_frameworks.dll
0x00007ffc84c30000 - 0x00007ffc84e14000 	D:\Xilinx\Vivado\2019.2\lib\win64.o\librdi_hip_config.dll
0x00007ffc846e0000 - 0x00007ffc84c2e000 	D:\Xilinx\Vivado\2019.2\lib\win64.o\librdi_xdm.dll
0x00007ffcb72d0000 - 0x00007ffcb736e000 	D:\Xilinx\Vivado\2019.2\lib\win64.o\libise.dll
0x00007ffc84e20000 - 0x00007ffc85967000 	D:\Xilinx\Vivado\2019.2\lib\win64.o\libverific.dll
0x00007ffd44960000 - 0x00007ffd449aa000 	D:\Xilinx\Vivado\2019.2\lib\win64.o\librdi_wavedata_SimpleApi.dll
0x00007ffc840c0000 - 0x00007ffc846db000 	D:\Xilinx\Vivado\2019.2\lib\win64.o\librdi_wavedata.dll
0x00007ffcb6cb0000 - 0x00007ffcb6d7c000 	D:\Xilinx\Vivado\2019.2\lib\win64.o\libsqlite3.28.0.dll

VM Arguments:
jvm_args: -Dsun.java2d.pmoffscreen=false -Dsun.java2d.xrender=false -Dsun.java2d.d3d=false -Dsun.awt.nopixfmt=true -Dsun.java2d.dpiaware=true -Dsun.java2d.uiScale.enabled=false -Xverify:none -Dswing.aatext=true -XX:-UsePerfData -Djdk.map.althashing.threshold=512 -XX:StringTableSize=4072 --add-opens=java.base/java.nio=ALL-UNNAMED --add-opens=java.desktop/sun.swing=ALL-UNNAMED --add-opens=java.desktop/javax.swing=ALL-UNNAMED --add-opens=java.desktop/javax.swing.tree=ALL-UNNAMED --add-opens=java.desktop/javax.swing.plaf.basic=ALL-UNNAMED --add-opens=java.desktop/javax.swing.plaf.synth=ALL-UNNAMED --add-opens=java.desktop/com.sun.awt=ALL-UNNAMED -XX:NewSize=60m -XX:MaxNewSize=60m -Xms128m -Xmx3072m -Xss5m 
java_command: <unknown>
java_class_path (initial): D:/Xilinx/Vivado/2019.2\lib\classes\alloy.jar;D:/Xilinx/Vivado/2019.2\lib\classes\autoesl-common.jar;D:/Xilinx/Vivado/2019.2\lib\classes\autoesl-models.jar;D:/Xilinx/Vivado/2019.2\lib\classes\autoesl-report.jar;D:/Xilinx/Vivado/2019.2\lib\classes\autopilot.scelaborator.jar;D:/Xilinx/Vivado/2019.2\lib\classes\autopilot.sourceprocessor.jar;D:/Xilinx/Vivado/2019.2\lib\classes\autopilot.tbprocessor.jar;D:/Xilinx/Vivado/2019.2\lib\classes\batik-anim.jar;D:/Xilinx/Vivado/2019.2\lib\classes\batik-awt-util.jar;D:/Xilinx/Vivado/2019.2\lib\classes\batik-bridge.jar;D:/Xilinx/Vivado/2019.2\lib\classes\batik-codec.jar;D:/Xilinx/Vivado/2019.2\lib\classes\batik-css.jar;D:/Xilinx/Vivado/2019.2\lib\classes\batik-dom.jar;D:/Xilinx/Vivado/2019.2\lib\classes\batik-ext.jar;D:/Xilinx/Vivado/2019.2\lib\classes\batik-gui-util.jar;D:/Xilinx/Vivado/2019.2\lib\classes\batik-gvt.jar;D:/Xilinx/Vivado/2019.2\lib\classes\batik-parser.jar;D:/Xilinx/Vivado/2019.2\lib\classes\batik-script.jar;D:/Xilinx/Vivado/2019.2\lib\classes\batik-svg-dom.jar;D:/Xilinx/Vivado/2019.2\lib\classes\batik-swing.jar;D:/Xilinx/Vivado/2019.2\lib\classes\batik-transcoder.jar;D:/Xilinx/Vivado/2019.2\lib\classes\batik-util.jar;D:/Xilinx/Vivado/2019.2\lib\classes\batik-xml.jar;D:/Xilinx/Vivado/2019.2\lib\classes\com.google.gson_2.7.0.v20170129-0911.jar;D:/Xilinx/Vivado/2019.2\lib\classes\com.google.guava_21.0.0.v20170206-1425.jar;D:/Xilinx/Vivado/2019.2\lib\classes\com.ibm.icu_4.4.2.v20110208.jar;D:/Xilinx/Vivado/2019.2\lib\classes\com.sigasi.hdt.connection_4.5.0.201909241521.jar;D:/Xilinx/Vivado/2019.2\lib\classes\com.sigasi.hdt.epl_4.5.0.201909241521.jar;D:/Xilinx/Vivado/2019.2\lib\classes\com.sigasi.hdt.project_4.5.0.201909241521.jar;D:/Xilinx/Vivado/2019.2\lib\classes\com.sigasi.hdt.readonlyfilesystem_4.5.0.201909241521.jar;D:/Xilinx/Vivado/2019.2\lib\classes\com.sigasi.lcm_4.5.0.201909241521.jar;D:/Xilinx/Vivado/2019.2\lib\classes\com.sigasi.sdk.client_4.5.0.201909241521.jar;D:/Xilinx/Vivado
Launcher Type: generic

Logging:
Log output configuration:
#0: stdout all=warning uptime,level,tags
#1: stderr all=off uptime,level,tags

Environment Variables:
PATH=D:/Xilinx/Vivado/2019.2\gnuwin\bin;D:/Xilinx/Vivado/2019.2\gnu\microblaze\nt\bin;D:/Xilinx/Vivado/2019.2/bin;D:/Xilinx/Vivado/2019.2/lib/win64.o;D:/Xilinx/Vivado/2019.2/tps/win64/jre9.0.4/bin/server;D:/Xilinx/Vivado/2019.2/tps/win64/jre9.0.4/bin;D:/Xilinx/Vivado/2019.2/ids_lite/ISE/bin/nt64;D:/Xilinx/Vivado/2019.2/ids_lite/ISE/lib/nt64;C:\Program Files\Microsoft MPI\Bin\;D:\python\python310\Scripts\;D:\python\python310;D:\大三\大三上\微纳加工\bin\;D:\大三\大三上\bin;C:\Windows\system32;C:\Windows;C:\Windows\System32\Wbem;C:\Windows\System32\WindowsPowerShell\v1.0\;C:\Windows\System32\OpenSSH\;C:\Program Files (x86)\NVIDIA Corporation\PhysX\Common;C:\Program Files\NVIDIA Corporation\NVIDIA NvDLISR;C:\Program Files\dotnet\;D:\runtime\win64;D:\bin;D:\Git\cmd;D:\Miniconda\condabin;C:\Program Files\PuTTY\;D:\Nodejs\;C:\Users\lhr20\AppData\Local\Microsoft\WindowsApps;C:\Users\lhr20\AppData\Local\Programs\Microsoft VS Code\bin;C:\Users\lhr20\AppData\Roaming\npm;D:/Xilinx/Vivado/2019.2\tps\mingw\6.2.0\win64.o\nt\bin;D:/Xilinx/Vivado/2019.2\tps\mingw\6.2.0\win64.o\nt\libexec\gcc\x86_64-w64-mingw32\6.2.0;D:/Xilinx/Vivado/2019.2\tps\win64\python-2.7.5;D:/Xilinx/Vivado/2019.2\tps\win64\python-2.7.5\bin;D:/Xilinx/Vivado/2019.2\tps\win64\python-2.7.5\lib;D:/Xilinx/Vivado/2019.2\tps\win64\python-2.7.5\Lib\lib-tk;D:/Xilinx/Vivado/2019.2\tps\win64\python-2.7.5\lib\site-packages
USERNAME=lhr20
OS=Windows_NT
PROCESSOR_IDENTIFIER=AMD64 Family 25 Model 116 Stepping 1, AuthenticAMD



---------------  S Y S T E M  ---------------

OS: Windows 10 , 64 bit Build 26100 (10.0.26100.1)

CPU:total 16 (initial active 16) (16 cores per cpu, 1 threads per core) family 25 model 116 stepping 1, cmov, cx8, fxsr, mmx, sse, sse2, sse3, ssse3, sse4.1, sse4.2, popcnt, avx, avx2, aes, clmul, erms, mmxext, 3dnowpref, lzcnt, sse4a, tsc, tscinvbit, tscinv, bmi1

Memory: 4k page, physical 15927668k(6234668k free), swap 24054132k(10071320k free)

vm_info: Java HotSpot(TM) 64-Bit Server VM (9.0.4+11) for windows-amd64 JRE (9.0.4+11), built on Dec 20 2017 02:18:54 by "mach5one" with MS VC++ 12.0 (VS2013)

END.
