INFO: [VRFC 10-2263] Analyzing Verilog file "D:/CPU/RISCV_FPGA_TrueDualPort_Example/RISCV_FPGA.srcs/sources_1/ip/tdp_bram/sim/tdp_bram.v" into library xil_defaultlib
INFO: [VRFC 10-311] analyzing module tdp_bram
INFO: [VRFC 10-2263] Analyzing Verilog file "D:/CPU/RISCV_FPGA_TrueDualPort_Example/RISCV_FPGA.srcs/sources_1/ip/clk_wiz_sys/clk_wiz_sys_clk_wiz.v" into library xil_defaultlib
INFO: [VRFC 10-311] analyzing module clk_wiz_sys_clk_wiz
INFO: [VRFC 10-2263] Analyzing Verilog file "D:/CPU/RISCV_FPGA_TrueDualPort_Example/RISCV_FPGA.srcs/sources_1/ip/clk_wiz_sys/clk_wiz_sys.v" into library xil_defaultlib
INFO: [VRFC 10-311] analyzing module clk_wiz_sys
INFO: [VRFC 10-2263] Analyzing Verilog file "D:/CPU/RISCV_FPGA_TrueDualPort_Example/RISCV_FPGA.srcs/sources_1/new/riscv_alu.v" into library xil_defaultlib
INFO: [VRFC 10-311] analyzing module riscv_alu
INFO: [VRFC 10-2263] Analyzing Verilog file "D:/CPU/RISCV_FPGA_TrueDualPort_Example/RISCV_FPGA.srcs/sources_1/new/riscv_alu_decode.v" into library xil_defaultlib
INFO: [VRFC 10-311] analyzing module riscv_alu_decode
INFO: [VRFC 10-2263] Analyzing Verilog file "D:/CPU/RISCV_FPGA_TrueDualPort_Example/RISCV_FPGA.srcs/sources_1/new/riscv_cpu.v" into library xil_defaultlib
INFO: [VRFC 10-311] analyzing module riscv_cpu
INFO: [VRFC 10-2263] Analyzing Verilog file "D:/CPU/RISCV_FPGA_TrueDualPort_Example/RISCV_FPGA.srcs/sources_1/new/riscv_imm_gen.v" into library xil_defaultlib
INFO: [VRFC 10-311] analyzing module riscv_imm_gen
INFO: [VRFC 10-2263] Analyzing Verilog file "D:/CPU/RISCV_FPGA_TrueDualPort_Example/RISCV_FPGA.srcs/sources_1/new/riscv_inst_decode.v" into library xil_defaultlib
INFO: [VRFC 10-311] analyzing module riscv_inst_decode
INFO: [VRFC 10-2263] Analyzing Verilog file "D:/CPU/RISCV_FPGA_TrueDualPort_Example/RISCV_FPGA.srcs/sources_1/new/riscv_pc_gen.v" into library xil_defaultlib
INFO: [VRFC 10-311] analyzing module riscv_pc_gen
INFO: [VRFC 10-2263] Analyzing Verilog file "D:/CPU/RISCV_FPGA_TrueDualPort_Example/RISCV_FPGA.srcs/sources_1/new/riscv_reg_file.v" into library xil_defaultlib
INFO: [VRFC 10-311] analyzing module riscv_reg_file
INFO: [VRFC 10-2263] Analyzing Verilog file "D:/CPU/RISCV_FPGA_TrueDualPort_Example/RISCV_FPGA.srcs/sources_1/new/riscv_mcu_tdpram_top.v" into library xil_defaultlib
INFO: [VRFC 10-311] analyzing module riscv_mcu_tdpram_top
INFO: [VRFC 10-2263] Analyzing Verilog file "D:/CPU/RISCV_FPGA_TrueDualPort_Example/RISCV_FPGA.srcs/sim_1/new/riscv_mcu_top_tb.v" into library xil_defaultlib
INFO: [VRFC 10-311] analyzing module riscv_mcu_top_tb
INFO: [VRFC 10-2263] Analyzing Verilog file "D:/CPU/RISCV_FPGA_TrueDualPort_Example/RISCV_FPGA.sim/sim_1/behav/xsim/glbl.v" into library xil_defaultlib
INFO: [VRFC 10-311] analyzing module glbl
